<?xml version="1.0" encoding="ISO-8859-1" ?>
<link_info>
   <banner>TI ARM Clang Linker Unix v4.0.0.LTS</banner>
   <copyright>Copyright (c) 1996-2018 Texas Instruments Incorporated</copyright>
   <command_line>/home/bunny/ti/ccstheia151/ccs/tools/compiler/ti-cgt-armllvm_4.0.0.LTS/bin/tiarmlnk -I/home/bunny/ti/ccstheia151/ccs/tools/compiler/ti-cgt-armllvm_4.0.0.LTS/lib -o lab9.out -mlab9.map --heap_size=0x800 --stack_size=512 -i/home/bunny/ti/mspm0_sdk_2_06_00_05/source -i/home/bunny/repos/CSC202_Workspace/lab9 -i/home/bunny/repos/CSC202_Workspace/lab9/Debug/syscfg -i/home/bunny/ti/ccstheia151/ccs/tools/compiler/ti-cgt-armllvm_4.0.0.LTS/lib --diag_wrap=off --display_error_number --warn_sections --xml_link_info=lab9_linkInfo.xml --rom_model ./LaunchPad.o ./adc.o ./clock.o ./lab9_main.o ./lcd1602.o ./spi.o ./uart.o ./ticlang/startup_mspm0g3507_ticlang.o ../mspm0g3507.cmd -llibc.a --start-group -llibc++.a -llibc++abi.a -llibc.a -llibsys.a -llibsysbm.a -llibclang_rt.builtins.a -llibclang_rt.profile.a --end-group --cg_opt_level=0</command_line>
   <link_time>0x6903a1d3</link_time>
   <link_errors>0x0</link_errors>
   <output_file>/home/bunny/repos/CSC202_Workspace/lab9/Debug/lab9.out</output_file>
   <entry_point>
      <name>_c_int00_noargs</name>
      <address>0x1595</address>
   </entry_point>
   <input_file_list>
      <input_file id="fl-1">
         <path>/home/bunny/repos/CSC202_Workspace/lab9/Debug/./</path>
         <kind>object</kind>
         <file>LaunchPad.o</file>
         <name>LaunchPad.o</name>
      </input_file>
      <input_file id="fl-2">
         <path>/home/bunny/repos/CSC202_Workspace/lab9/Debug/./</path>
         <kind>object</kind>
         <file>adc.o</file>
         <name>adc.o</name>
      </input_file>
      <input_file id="fl-3">
         <path>/home/bunny/repos/CSC202_Workspace/lab9/Debug/./</path>
         <kind>object</kind>
         <file>clock.o</file>
         <name>clock.o</name>
      </input_file>
      <input_file id="fl-4">
         <path>/home/bunny/repos/CSC202_Workspace/lab9/Debug/./</path>
         <kind>object</kind>
         <file>lab9_main.o</file>
         <name>lab9_main.o</name>
      </input_file>
      <input_file id="fl-5">
         <path>/home/bunny/repos/CSC202_Workspace/lab9/Debug/./</path>
         <kind>object</kind>
         <file>lcd1602.o</file>
         <name>lcd1602.o</name>
      </input_file>
      <input_file id="fl-6">
         <path>/home/bunny/repos/CSC202_Workspace/lab9/Debug/./</path>
         <kind>object</kind>
         <file>spi.o</file>
         <name>spi.o</name>
      </input_file>
      <input_file id="fl-7">
         <path>/home/bunny/repos/CSC202_Workspace/lab9/Debug/./</path>
         <kind>object</kind>
         <file>uart.o</file>
         <name>uart.o</name>
      </input_file>
      <input_file id="fl-8">
         <path>/home/bunny/repos/CSC202_Workspace/lab9/Debug/./ticlang/</path>
         <kind>object</kind>
         <file>startup_mspm0g3507_ticlang.o</file>
         <name>startup_mspm0g3507_ticlang.o</name>
      </input_file>
      <input_file id="fl-13">
         <path>/home/bunny/repos/CSC202_Workspace/lab9/Debug/</path>
         <kind>object</kind>
         <file>&lt;internal&gt;</file>
         <name>&lt;internal&gt;</name>
      </input_file>
      <input_file id="fl-28">
         <path>/home/bunny/ti/ccstheia151/ccs/tools/compiler/ti-cgt-armllvm_4.0.0.LTS/lib/armv6m-ti-none-eabi/c/</path>
         <kind>archive</kind>
         <file>libc.a</file>
         <name>e_powf.c.obj</name>
      </input_file>
      <input_file id="fl-29">
         <path>/home/bunny/ti/ccstheia151/ccs/tools/compiler/ti-cgt-armllvm_4.0.0.LTS/lib/armv6m-ti-none-eabi/c/</path>
         <kind>archive</kind>
         <file>libc.a</file>
         <name>e_sqrtf.c.obj</name>
      </input_file>
      <input_file id="fl-2a">
         <path>/home/bunny/ti/ccstheia151/ccs/tools/compiler/ti-cgt-armllvm_4.0.0.LTS/lib/armv6m-ti-none-eabi/c/</path>
         <kind>archive</kind>
         <file>libc.a</file>
         <name>s_scalbnf.c.obj</name>
      </input_file>
      <input_file id="fl-2b">
         <path>/home/bunny/ti/ccstheia151/ccs/tools/compiler/ti-cgt-armllvm_4.0.0.LTS/lib/armv6m-ti-none-eabi/c/</path>
         <kind>archive</kind>
         <file>libc.a</file>
         <name>aeabi_portable.c.obj</name>
      </input_file>
      <input_file id="fl-2c">
         <path>/home/bunny/ti/ccstheia151/ccs/tools/compiler/ti-cgt-armllvm_4.0.0.LTS/lib/armv6m-ti-none-eabi/c/</path>
         <kind>archive</kind>
         <file>libc.a</file>
         <name>assert.c.obj</name>
      </input_file>
      <input_file id="fl-2d">
         <path>/home/bunny/ti/ccstheia151/ccs/tools/compiler/ti-cgt-armllvm_4.0.0.LTS/lib/armv6m-ti-none-eabi/c/</path>
         <kind>archive</kind>
         <file>libc.a</file>
         <name>defs.c.obj</name>
      </input_file>
      <input_file id="fl-2e">
         <path>/home/bunny/ti/ccstheia151/ccs/tools/compiler/ti-cgt-armllvm_4.0.0.LTS/lib/armv6m-ti-none-eabi/c/</path>
         <kind>archive</kind>
         <file>libc.a</file>
         <name>memory.c.obj</name>
      </input_file>
      <input_file id="fl-2f">
         <path>/home/bunny/ti/ccstheia151/ccs/tools/compiler/ti-cgt-armllvm_4.0.0.LTS/lib/armv6m-ti-none-eabi/c/</path>
         <kind>archive</kind>
         <file>libc.a</file>
         <name>copy_zero_init.c.obj</name>
      </input_file>
      <input_file id="fl-30">
         <path>/home/bunny/ti/ccstheia151/ccs/tools/compiler/ti-cgt-armllvm_4.0.0.LTS/lib/armv6m-ti-none-eabi/c/</path>
         <kind>archive</kind>
         <file>libc.a</file>
         <name>copy_decompress_none.c.obj</name>
      </input_file>
      <input_file id="fl-31">
         <path>/home/bunny/ti/ccstheia151/ccs/tools/compiler/ti-cgt-armllvm_4.0.0.LTS/lib/armv6m-ti-none-eabi/c/</path>
         <kind>archive</kind>
         <file>libc.a</file>
         <name>copy_decompress_lzss.c.obj</name>
      </input_file>
      <input_file id="fl-32">
         <path>/home/bunny/ti/ccstheia151/ccs/tools/compiler/ti-cgt-armllvm_4.0.0.LTS/lib/armv6m-ti-none-eabi/c/</path>
         <kind>archive</kind>
         <file>libc.a</file>
         <name>boot_cortex_m.c.obj</name>
      </input_file>
      <input_file id="fl-33">
         <path>/home/bunny/ti/ccstheia151/ccs/tools/compiler/ti-cgt-armllvm_4.0.0.LTS/lib/armv6m-ti-none-eabi/c/</path>
         <kind>archive</kind>
         <file>libc.a</file>
         <name>mathacl_init.c.obj</name>
      </input_file>
      <input_file id="fl-34">
         <path>/home/bunny/ti/ccstheia151/ccs/tools/compiler/ti-cgt-armllvm_4.0.0.LTS/lib/armv6m-ti-none-eabi/c/</path>
         <kind>archive</kind>
         <file>libc.a</file>
         <name>sprintf.c.obj</name>
      </input_file>
      <input_file id="fl-35">
         <path>/home/bunny/ti/ccstheia151/ccs/tools/compiler/ti-cgt-armllvm_4.0.0.LTS/lib/armv6m-ti-none-eabi/c/</path>
         <kind>archive</kind>
         <file>libc.a</file>
         <name>fflush.c.obj</name>
      </input_file>
      <input_file id="fl-36">
         <path>/home/bunny/ti/ccstheia151/ccs/tools/compiler/ti-cgt-armllvm_4.0.0.LTS/lib/armv6m-ti-none-eabi/c/</path>
         <kind>archive</kind>
         <file>libc.a</file>
         <name>fputs.c.obj</name>
      </input_file>
      <input_file id="fl-37">
         <path>/home/bunny/ti/ccstheia151/ccs/tools/compiler/ti-cgt-armllvm_4.0.0.LTS/lib/armv6m-ti-none-eabi/c/</path>
         <kind>archive</kind>
         <file>libc.a</file>
         <name>_io_perm.c.obj</name>
      </input_file>
      <input_file id="fl-38">
         <path>/home/bunny/ti/ccstheia151/ccs/tools/compiler/ti-cgt-armllvm_4.0.0.LTS/lib/armv6m-ti-none-eabi/c/</path>
         <kind>archive</kind>
         <file>libc.a</file>
         <name>setvbuf.c.obj</name>
      </input_file>
      <input_file id="fl-39">
         <path>/home/bunny/ti/ccstheia151/ccs/tools/compiler/ti-cgt-armllvm_4.0.0.LTS/lib/armv6m-ti-none-eabi/c/</path>
         <kind>archive</kind>
         <file>libc.a</file>
         <name>exit.c.obj</name>
      </input_file>
      <input_file id="fl-3a">
         <path>/home/bunny/ti/ccstheia151/ccs/tools/compiler/ti-cgt-armllvm_4.0.0.LTS/lib/armv6m-ti-none-eabi/c/</path>
         <kind>archive</kind>
         <file>libc.a</file>
         <name>_lock.c.obj</name>
      </input_file>
      <input_file id="fl-3b">
         <path>/home/bunny/ti/ccstheia151/ccs/tools/compiler/ti-cgt-armllvm_4.0.0.LTS/lib/armv6m-ti-none-eabi/c/</path>
         <kind>archive</kind>
         <file>libc.a</file>
         <name>args_main.c.obj</name>
      </input_file>
      <input_file id="fl-3c">
         <path>/home/bunny/ti/ccstheia151/ccs/tools/compiler/ti-cgt-armllvm_4.0.0.LTS/lib/armv6m-ti-none-eabi/c/</path>
         <kind>archive</kind>
         <file>libc.a</file>
         <name>autoinit.c.obj</name>
      </input_file>
      <input_file id="fl-3d">
         <path>/home/bunny/ti/ccstheia151/ccs/tools/compiler/ti-cgt-armllvm_4.0.0.LTS/lib/armv6m-ti-none-eabi/c/</path>
         <kind>archive</kind>
         <file>libc.a</file>
         <name>pre_init.c.obj</name>
      </input_file>
      <input_file id="fl-3e">
         <path>/home/bunny/ti/ccstheia151/ccs/tools/compiler/ti-cgt-armllvm_4.0.0.LTS/lib/armv6m-ti-none-eabi/c/</path>
         <kind>archive</kind>
         <file>libc.a</file>
         <name>cpy_tbl.c.obj</name>
      </input_file>
      <input_file id="fl-3f">
         <path>/home/bunny/ti/ccstheia151/ccs/tools/compiler/ti-cgt-armllvm_4.0.0.LTS/lib/armv6m-ti-none-eabi/c/</path>
         <kind>archive</kind>
         <file>libc.a</file>
         <name>_printfi.c.obj</name>
      </input_file>
      <input_file id="fl-40">
         <path>/home/bunny/ti/ccstheia151/ccs/tools/compiler/ti-cgt-armllvm_4.0.0.LTS/lib/armv6m-ti-none-eabi/c/</path>
         <kind>archive</kind>
         <file>libc.a</file>
         <name>fopen.c.obj</name>
      </input_file>
      <input_file id="fl-41">
         <path>/home/bunny/ti/ccstheia151/ccs/tools/compiler/ti-cgt-armllvm_4.0.0.LTS/lib/armv6m-ti-none-eabi/c/</path>
         <kind>archive</kind>
         <file>libc.a</file>
         <name>fseek.c.obj</name>
      </input_file>
      <input_file id="fl-42">
         <path>/home/bunny/ti/ccstheia151/ccs/tools/compiler/ti-cgt-armllvm_4.0.0.LTS/lib/armv6m-ti-none-eabi/c/</path>
         <kind>archive</kind>
         <file>libc.a</file>
         <name>_ltoa.c.obj</name>
      </input_file>
      <input_file id="fl-43">
         <path>/home/bunny/ti/ccstheia151/ccs/tools/compiler/ti-cgt-armllvm_4.0.0.LTS/lib/armv6m-ti-none-eabi/c/</path>
         <kind>archive</kind>
         <file>libc.a</file>
         <name>atoi.c.obj</name>
      </input_file>
      <input_file id="fl-44">
         <path>/home/bunny/ti/ccstheia151/ccs/tools/compiler/ti-cgt-armllvm_4.0.0.LTS/lib/armv6m-ti-none-eabi/c/</path>
         <kind>archive</kind>
         <file>libc.a</file>
         <name>memccpy.c.obj</name>
      </input_file>
      <input_file id="fl-45">
         <path>/home/bunny/ti/ccstheia151/ccs/tools/compiler/ti-cgt-armllvm_4.0.0.LTS/lib/armv6m-ti-none-eabi/c/</path>
         <kind>archive</kind>
         <file>libc.a</file>
         <name>s_frexp.c.obj</name>
      </input_file>
      <input_file id="fl-46">
         <path>/home/bunny/ti/ccstheia151/ccs/tools/compiler/ti-cgt-armllvm_4.0.0.LTS/lib/armv6m-ti-none-eabi/c/</path>
         <kind>archive</kind>
         <file>libc.a</file>
         <name>s_scalbn.c.obj</name>
      </input_file>
      <input_file id="fl-47">
         <path>/home/bunny/ti/ccstheia151/ccs/tools/compiler/ti-cgt-armllvm_4.0.0.LTS/lib/armv6m-ti-none-eabi/c/</path>
         <kind>archive</kind>
         <file>libc.a</file>
         <name>wcslen.c.obj</name>
      </input_file>
      <input_file id="fl-48">
         <path>/home/bunny/ti/ccstheia151/ccs/tools/compiler/ti-cgt-armllvm_4.0.0.LTS/lib/armv6m-ti-none-eabi/c/</path>
         <kind>archive</kind>
         <file>libc.a</file>
         <name>fclose.c.obj</name>
      </input_file>
      <input_file id="fl-49">
         <path>/home/bunny/ti/ccstheia151/ccs/tools/compiler/ti-cgt-armllvm_4.0.0.LTS/lib/armv6m-ti-none-eabi/c/</path>
         <kind>archive</kind>
         <file>libc.a</file>
         <name>aeabi_ctype.S.obj</name>
      </input_file>
      <input_file id="fl-df">
         <path>/home/bunny/ti/ccstheia151/ccs/tools/compiler/ti-cgt-armllvm_4.0.0.LTS/lib/armv6m-ti-none-eabi/c/</path>
         <kind>archive</kind>
         <file>libsysbm.a</file>
         <name>write.c.obj</name>
      </input_file>
      <input_file id="fl-e0">
         <path>/home/bunny/ti/ccstheia151/ccs/tools/compiler/ti-cgt-armllvm_4.0.0.LTS/lib/armv6m-ti-none-eabi/c/</path>
         <kind>archive</kind>
         <file>libsysbm.a</file>
         <name>host_device.c.obj</name>
      </input_file>
      <input_file id="fl-e1">
         <path>/home/bunny/ti/ccstheia151/ccs/tools/compiler/ti-cgt-armllvm_4.0.0.LTS/lib/armv6m-ti-none-eabi/c/</path>
         <kind>archive</kind>
         <file>libsysbm.a</file>
         <name>remove.c.obj</name>
      </input_file>
      <input_file id="fl-e2">
         <path>/home/bunny/ti/ccstheia151/ccs/tools/compiler/ti-cgt-armllvm_4.0.0.LTS/lib/armv6m-ti-none-eabi/c/</path>
         <kind>archive</kind>
         <file>libsysbm.a</file>
         <name>open.c.obj</name>
      </input_file>
      <input_file id="fl-e3">
         <path>/home/bunny/ti/ccstheia151/ccs/tools/compiler/ti-cgt-armllvm_4.0.0.LTS/lib/armv6m-ti-none-eabi/c/</path>
         <kind>archive</kind>
         <file>libsysbm.a</file>
         <name>lseek.c.obj</name>
      </input_file>
      <input_file id="fl-e4">
         <path>/home/bunny/ti/ccstheia151/ccs/tools/compiler/ti-cgt-armllvm_4.0.0.LTS/lib/armv6m-ti-none-eabi/c/</path>
         <kind>archive</kind>
         <file>libsysbm.a</file>
         <name>close.c.obj</name>
      </input_file>
      <input_file id="fl-e5">
         <path>/home/bunny/ti/ccstheia151/ccs/tools/compiler/ti-cgt-armllvm_4.0.0.LTS/lib/armv6m-ti-none-eabi/c/</path>
         <kind>archive</kind>
         <file>libsysbm.a</file>
         <name>unlink.c.obj</name>
      </input_file>
      <input_file id="fl-e6">
         <path>/home/bunny/ti/ccstheia151/ccs/tools/compiler/ti-cgt-armllvm_4.0.0.LTS/lib/armv6m-ti-none-eabi/c/</path>
         <kind>archive</kind>
         <file>libsysbm.a</file>
         <name>hostclose.c.obj</name>
      </input_file>
      <input_file id="fl-e7">
         <path>/home/bunny/ti/ccstheia151/ccs/tools/compiler/ti-cgt-armllvm_4.0.0.LTS/lib/armv6m-ti-none-eabi/c/</path>
         <kind>archive</kind>
         <file>libsysbm.a</file>
         <name>hostlseek.c.obj</name>
      </input_file>
      <input_file id="fl-e8">
         <path>/home/bunny/ti/ccstheia151/ccs/tools/compiler/ti-cgt-armllvm_4.0.0.LTS/lib/armv6m-ti-none-eabi/c/</path>
         <kind>archive</kind>
         <file>libsysbm.a</file>
         <name>hostopen.c.obj</name>
      </input_file>
      <input_file id="fl-e9">
         <path>/home/bunny/ti/ccstheia151/ccs/tools/compiler/ti-cgt-armllvm_4.0.0.LTS/lib/armv6m-ti-none-eabi/c/</path>
         <kind>archive</kind>
         <file>libsysbm.a</file>
         <name>hostread.c.obj</name>
      </input_file>
      <input_file id="fl-ea">
         <path>/home/bunny/ti/ccstheia151/ccs/tools/compiler/ti-cgt-armllvm_4.0.0.LTS/lib/armv6m-ti-none-eabi/c/</path>
         <kind>archive</kind>
         <file>libsysbm.a</file>
         <name>hostrename.c.obj</name>
      </input_file>
      <input_file id="fl-eb">
         <path>/home/bunny/ti/ccstheia151/ccs/tools/compiler/ti-cgt-armllvm_4.0.0.LTS/lib/armv6m-ti-none-eabi/c/</path>
         <kind>archive</kind>
         <file>libsysbm.a</file>
         <name>hostunlink.c.obj</name>
      </input_file>
      <input_file id="fl-ec">
         <path>/home/bunny/ti/ccstheia151/ccs/tools/compiler/ti-cgt-armllvm_4.0.0.LTS/lib/armv6m-ti-none-eabi/c/</path>
         <kind>archive</kind>
         <file>libsysbm.a</file>
         <name>hostwrite.c.obj</name>
      </input_file>
      <input_file id="fl-ed">
         <path>/home/bunny/ti/ccstheia151/ccs/tools/compiler/ti-cgt-armllvm_4.0.0.LTS/lib/armv6m-ti-none-eabi/c/</path>
         <kind>archive</kind>
         <file>libsysbm.a</file>
         <name>trgmsg.c.obj</name>
      </input_file>
      <input_file id="fl-ee">
         <path>/home/bunny/ti/ccstheia151/ccs/tools/compiler/ti-cgt-armllvm_4.0.0.LTS/lib/armv6m-ti-none-eabi/</path>
         <kind>archive</kind>
         <file>libclang_rt.builtins.a</file>
         <name>addsf3.S.obj</name>
      </input_file>
      <input_file id="fl-ef">
         <path>/home/bunny/ti/ccstheia151/ccs/tools/compiler/ti-cgt-armllvm_4.0.0.LTS/lib/armv6m-ti-none-eabi/</path>
         <kind>archive</kind>
         <file>libclang_rt.builtins.a</file>
         <name>adddf3.S.obj</name>
      </input_file>
      <input_file id="fl-f0">
         <path>/home/bunny/ti/ccstheia151/ccs/tools/compiler/ti-cgt-armllvm_4.0.0.LTS/lib/armv6m-ti-none-eabi/</path>
         <kind>archive</kind>
         <file>libclang_rt.builtins.a</file>
         <name>muldf3.S.obj</name>
      </input_file>
      <input_file id="fl-f1">
         <path>/home/bunny/ti/ccstheia151/ccs/tools/compiler/ti-cgt-armllvm_4.0.0.LTS/lib/armv6m-ti-none-eabi/</path>
         <kind>archive</kind>
         <file>libclang_rt.builtins.a</file>
         <name>muldsi3.S.obj</name>
      </input_file>
      <input_file id="fl-f2">
         <path>/home/bunny/ti/ccstheia151/ccs/tools/compiler/ti-cgt-armllvm_4.0.0.LTS/lib/armv6m-ti-none-eabi/</path>
         <kind>archive</kind>
         <file>libclang_rt.builtins.a</file>
         <name>mulsf3.S.obj</name>
      </input_file>
      <input_file id="fl-f3">
         <path>/home/bunny/ti/ccstheia151/ccs/tools/compiler/ti-cgt-armllvm_4.0.0.LTS/lib/armv6m-ti-none-eabi/</path>
         <kind>archive</kind>
         <file>libclang_rt.builtins.a</file>
         <name>divsf3.S.obj</name>
      </input_file>
      <input_file id="fl-f4">
         <path>/home/bunny/ti/ccstheia151/ccs/tools/compiler/ti-cgt-armllvm_4.0.0.LTS/lib/armv6m-ti-none-eabi/</path>
         <kind>archive</kind>
         <file>libclang_rt.builtins.a</file>
         <name>divdf3.S.obj</name>
      </input_file>
      <input_file id="fl-f5">
         <path>/home/bunny/ti/ccstheia151/ccs/tools/compiler/ti-cgt-armllvm_4.0.0.LTS/lib/armv6m-ti-none-eabi/</path>
         <kind>archive</kind>
         <file>libclang_rt.builtins.a</file>
         <name>extendsfdf2.S.obj</name>
      </input_file>
      <input_file id="fl-f6">
         <path>/home/bunny/ti/ccstheia151/ccs/tools/compiler/ti-cgt-armllvm_4.0.0.LTS/lib/armv6m-ti-none-eabi/</path>
         <kind>archive</kind>
         <file>libclang_rt.builtins.a</file>
         <name>fixdfsi.S.obj</name>
      </input_file>
      <input_file id="fl-f7">
         <path>/home/bunny/ti/ccstheia151/ccs/tools/compiler/ti-cgt-armllvm_4.0.0.LTS/lib/armv6m-ti-none-eabi/</path>
         <kind>archive</kind>
         <file>libclang_rt.builtins.a</file>
         <name>fixunsdfsi.S.obj</name>
      </input_file>
      <input_file id="fl-f8">
         <path>/home/bunny/ti/ccstheia151/ccs/tools/compiler/ti-cgt-armllvm_4.0.0.LTS/lib/armv6m-ti-none-eabi/</path>
         <kind>archive</kind>
         <file>libclang_rt.builtins.a</file>
         <name>floatsidf.S.obj</name>
      </input_file>
      <input_file id="fl-f9">
         <path>/home/bunny/ti/ccstheia151/ccs/tools/compiler/ti-cgt-armllvm_4.0.0.LTS/lib/armv6m-ti-none-eabi/</path>
         <kind>archive</kind>
         <file>libclang_rt.builtins.a</file>
         <name>floatsisf.S.obj</name>
      </input_file>
      <input_file id="fl-fa">
         <path>/home/bunny/ti/ccstheia151/ccs/tools/compiler/ti-cgt-armllvm_4.0.0.LTS/lib/armv6m-ti-none-eabi/</path>
         <kind>archive</kind>
         <file>libclang_rt.builtins.a</file>
         <name>floatunsidf.S.obj</name>
      </input_file>
      <input_file id="fl-fb">
         <path>/home/bunny/ti/ccstheia151/ccs/tools/compiler/ti-cgt-armllvm_4.0.0.LTS/lib/armv6m-ti-none-eabi/</path>
         <kind>archive</kind>
         <file>libclang_rt.builtins.a</file>
         <name>muldi3.S.obj</name>
      </input_file>
      <input_file id="fl-fc">
         <path>/home/bunny/ti/ccstheia151/ccs/tools/compiler/ti-cgt-armllvm_4.0.0.LTS/lib/armv6m-ti-none-eabi/</path>
         <kind>archive</kind>
         <file>libclang_rt.builtins.a</file>
         <name>truncdfsf2.S.obj</name>
      </input_file>
      <input_file id="fl-fd">
         <path>/home/bunny/ti/ccstheia151/ccs/tools/compiler/ti-cgt-armllvm_4.0.0.LTS/lib/armv6m-ti-none-eabi/</path>
         <kind>archive</kind>
         <file>libclang_rt.builtins.a</file>
         <name>aeabi_dcmp.S.obj</name>
      </input_file>
      <input_file id="fl-fe">
         <path>/home/bunny/ti/ccstheia151/ccs/tools/compiler/ti-cgt-armllvm_4.0.0.LTS/lib/armv6m-ti-none-eabi/</path>
         <kind>archive</kind>
         <file>libclang_rt.builtins.a</file>
         <name>aeabi_fcmp.S.obj</name>
      </input_file>
      <input_file id="fl-ff">
         <path>/home/bunny/ti/ccstheia151/ccs/tools/compiler/ti-cgt-armllvm_4.0.0.LTS/lib/armv6m-ti-none-eabi/</path>
         <kind>archive</kind>
         <file>libclang_rt.builtins.a</file>
         <name>aeabi_idivmod.S.obj</name>
      </input_file>
      <input_file id="fl-100">
         <path>/home/bunny/ti/ccstheia151/ccs/tools/compiler/ti-cgt-armllvm_4.0.0.LTS/lib/armv6m-ti-none-eabi/</path>
         <kind>archive</kind>
         <file>libclang_rt.builtins.a</file>
         <name>aeabi_memcpy.S.obj</name>
      </input_file>
      <input_file id="fl-101">
         <path>/home/bunny/ti/ccstheia151/ccs/tools/compiler/ti-cgt-armllvm_4.0.0.LTS/lib/armv6m-ti-none-eabi/</path>
         <kind>archive</kind>
         <file>libclang_rt.builtins.a</file>
         <name>aeabi_memset.S.obj</name>
      </input_file>
      <input_file id="fl-102">
         <path>/home/bunny/ti/ccstheia151/ccs/tools/compiler/ti-cgt-armllvm_4.0.0.LTS/lib/armv6m-ti-none-eabi/</path>
         <kind>archive</kind>
         <file>libclang_rt.builtins.a</file>
         <name>aeabi_uidivmod.S.obj</name>
      </input_file>
      <input_file id="fl-103">
         <path>/home/bunny/ti/ccstheia151/ccs/tools/compiler/ti-cgt-armllvm_4.0.0.LTS/lib/armv6m-ti-none-eabi/</path>
         <kind>archive</kind>
         <file>libclang_rt.builtins.a</file>
         <name>aeabi_uldivmod.S.obj</name>
      </input_file>
      <input_file id="fl-104">
         <path>/home/bunny/ti/ccstheia151/ccs/tools/compiler/ti-cgt-armllvm_4.0.0.LTS/lib/armv6m-ti-none-eabi/</path>
         <kind>archive</kind>
         <file>libclang_rt.builtins.a</file>
         <name>comparesf2.S.obj</name>
      </input_file>
      <input_file id="fl-105">
         <path>/home/bunny/ti/ccstheia151/ccs/tools/compiler/ti-cgt-armllvm_4.0.0.LTS/lib/armv6m-ti-none-eabi/</path>
         <kind>archive</kind>
         <file>libclang_rt.builtins.a</file>
         <name>udivmoddi4.S.obj</name>
      </input_file>
      <input_file id="fl-106">
         <path>/home/bunny/ti/ccstheia151/ccs/tools/compiler/ti-cgt-armllvm_4.0.0.LTS/lib/armv6m-ti-none-eabi/</path>
         <kind>archive</kind>
         <file>libclang_rt.builtins.a</file>
         <name>ashldi3.S.obj</name>
      </input_file>
      <input_file id="fl-107">
         <path>/home/bunny/ti/ccstheia151/ccs/tools/compiler/ti-cgt-armllvm_4.0.0.LTS/lib/armv6m-ti-none-eabi/</path>
         <kind>archive</kind>
         <file>libclang_rt.builtins.a</file>
         <name>comparedf2.c.obj</name>
      </input_file>
      <input_file id="fl-108">
         <path>/home/bunny/ti/ccstheia151/ccs/tools/compiler/ti-cgt-armllvm_4.0.0.LTS/lib/armv6m-ti-none-eabi/</path>
         <kind>archive</kind>
         <file>libclang_rt.builtins.a</file>
         <name>aeabi_div0.c.obj</name>
      </input_file>
      <input_file id="fl-109">
         <path>/home/bunny/ti/ccstheia151/ccs/tools/compiler/ti-cgt-armllvm_4.0.0.LTS/lib/armv6m-ti-none-eabi/c/</path>
         <kind>archive</kind>
         <file>libc.a</file>
         <name>getdevice.c.obj</name>
      </input_file>
      <input_file id="fl-10a">
         <path>/home/bunny/ti/ccstheia151/ccs/tools/compiler/ti-cgt-armllvm_4.0.0.LTS/lib/armv6m-ti-none-eabi/c/</path>
         <kind>archive</kind>
         <file>libc.a</file>
         <name>memcpy16.S.obj</name>
      </input_file>
      <input_file id="fl-10b">
         <path>/home/bunny/ti/ccstheia151/ccs/tools/compiler/ti-cgt-armllvm_4.0.0.LTS/lib/armv6m-ti-none-eabi/c/</path>
         <kind>archive</kind>
         <file>libc.a</file>
         <name>memset16.S.obj</name>
      </input_file>
      <input_file id="fl-10c">
         <path>/home/bunny/ti/ccstheia151/ccs/tools/compiler/ti-cgt-armllvm_4.0.0.LTS/lib/armv6m-ti-none-eabi/c/</path>
         <kind>archive</kind>
         <file>libc.a</file>
         <name>strcmp-armv6m.S.obj</name>
      </input_file>
   </input_file_list>
   <object_component_list>
      <object_component id="oc-18">
         <name>.intvecs</name>
         <load_address>0x0</load_address>
         <readonly>true</readonly>
         <run_address>0x0</run_address>
         <size>0xc0</size>
         <alignment>0x4</alignment>
         <input_file_ref idref="fl-8"/>
      </object_component>
      <object_component id="oc-a4">
         <name>.text.run_lab9_part1</name>
         <load_address>0xc0</load_address>
         <readonly>true</readonly>
         <executable>true</executable>
         <run_address>0xc0</run_address>
         <size>0x29c</size>
         <alignment>0x4</alignment>
         <input_file_ref idref="fl-4"/>
      </object_component>
      <object_component id="oc-89">
         <name>.text.clock_init_40mhz</name>
         <load_address>0x35c</load_address>
         <readonly>true</readonly>
         <executable>true</executable>
         <run_address>0x35c</run_address>
         <size>0x170</size>
         <alignment>0x4</alignment>
         <input_file_ref idref="fl-3"/>
      </object_component>
      <object_component id="oc-d6">
         <name>.text.lcd1602_write</name>
         <load_address>0x4cc</load_address>
         <readonly>true</readonly>
         <executable>true</executable>
         <run_address>0x4cc</run_address>
         <size>0x11c</size>
         <alignment>0x4</alignment>
         <input_file_ref idref="fl-5"/>
      </object_component>
      <object_component id="oc-100">
         <name>.text.write_keycol_data</name>
         <load_address>0x5e8</load_address>
         <readonly>true</readonly>
         <executable>true</executable>
         <run_address>0x5e8</run_address>
         <size>0xdc</size>
         <alignment>0x4</alignment>
         <input_file_ref idref="fl-1"/>
      </object_component>
      <object_component id="oc-9e">
         <name>.text.keypad_init</name>
         <load_address>0x6c4</load_address>
         <readonly>true</readonly>
         <executable>true</executable>
         <run_address>0x6c4</run_address>
         <size>0xd0</size>
         <alignment>0x4</alignment>
         <input_file_ref idref="fl-1"/>
      </object_component>
      <object_component id="oc-95">
         <name>.text.leds_off</name>
         <load_address>0x794</load_address>
         <readonly>true</readonly>
         <executable>true</executable>
         <run_address>0x794</run_address>
         <size>0xd0</size>
         <alignment>0x4</alignment>
         <input_file_ref idref="fl-1"/>
      </object_component>
      <object_component id="oc-98">
         <name>.text.lcd1602_init</name>
         <load_address>0x864</load_address>
         <readonly>true</readonly>
         <executable>true</executable>
         <run_address>0x864</run_address>
         <size>0xc0</size>
         <alignment>0x4</alignment>
         <input_file_ref idref="fl-5"/>
      </object_component>
      <object_component id="oc-97">
         <name>.text.I2C_init</name>
         <load_address>0x924</load_address>
         <readonly>true</readonly>
         <executable>true</executable>
         <run_address>0x924</run_address>
         <size>0xbc</size>
         <alignment>0x4</alignment>
         <input_file_ref idref="fl-1"/>
      </object_component>
      <object_component id="oc-e7">
         <name>.text.led_off</name>
         <load_address>0x9e0</load_address>
         <readonly>true</readonly>
         <executable>true</executable>
         <run_address>0x9e0</run_address>
         <size>0xb4</size>
         <alignment>0x4</alignment>
         <input_file_ref idref="fl-1"/>
      </object_component>
      <object_component id="oc-e5">
         <name>.text.led_on</name>
         <load_address>0xa94</load_address>
         <readonly>true</readonly>
         <executable>true</executable>
         <run_address>0xa94</run_address>
         <size>0xb4</size>
         <alignment>0x4</alignment>
         <input_file_ref idref="fl-1"/>
      </object_component>
      <object_component id="oc-a0">
         <name>.text.motor0_pwm_init</name>
         <load_address>0xb48</load_address>
         <readonly>true</readonly>
         <executable>true</executable>
         <run_address>0xb48</run_address>
         <size>0xac</size>
         <alignment>0x4</alignment>
         <input_file_ref idref="fl-1"/>
      </object_component>
      <object_component id="oc-101">
         <name>.text.read_keyrow_data</name>
         <load_address>0xbf4</load_address>
         <readonly>true</readonly>
         <executable>true</executable>
         <run_address>0xbf4</run_address>
         <size>0xac</size>
         <alignment>0x4</alignment>
         <input_file_ref idref="fl-1"/>
      </object_component>
      <object_component id="oc-94">
         <name>.text.leds_init</name>
         <load_address>0xca0</load_address>
         <readonly>true</readonly>
         <executable>true</executable>
         <run_address>0xca0</run_address>
         <size>0xa8</size>
         <alignment>0x4</alignment>
         <input_file_ref idref="fl-1"/>
      </object_component>
      <object_component id="oc-d5">
         <name>.text.I2C_send1</name>
         <load_address>0xd48</load_address>
         <readonly>true</readonly>
         <executable>true</executable>
         <run_address>0xd48</run_address>
         <size>0x94</size>
         <alignment>0x4</alignment>
         <input_file_ref idref="fl-1"/>
      </object_component>
      <object_component id="oc-37">
         <name>.text.GROUP1_IRQHandler</name>
         <load_address>0xddc</load_address>
         <readonly>true</readonly>
         <executable>true</executable>
         <run_address>0xddc</run_address>
         <size>0x8c</size>
         <alignment>0x4</alignment>
         <input_file_ref idref="fl-4"/>
      </object_component>
      <object_component id="oc-de">
         <name>.text.keypad_scan</name>
         <load_address>0xe68</load_address>
         <readonly>true</readonly>
         <executable>true</executable>
         <run_address>0xe68</run_address>
         <size>0x88</size>
         <alignment>0x4</alignment>
         <input_file_ref idref="fl-1"/>
      </object_component>
      <object_component id="oc-dc">
         <name>.text.__NVIC_SetPriority</name>
         <load_address>0xef0</load_address>
         <readonly>true</readonly>
         <executable>true</executable>
         <run_address>0xef0</run_address>
         <size>0x84</size>
         <alignment>0x4</alignment>
         <input_file_ref idref="fl-4"/>
      </object_component>
      <object_component id="oc-74">
         <name>.text.main</name>
         <load_address>0xf74</load_address>
         <readonly>true</readonly>
         <executable>true</executable>
         <run_address>0xf74</run_address>
         <size>0x80</size>
         <alignment>0x4</alignment>
         <input_file_ref idref="fl-4"/>
      </object_component>
      <object_component id="oc-12a">
         <name>.text.byte_to_ascii</name>
         <load_address>0xff4</load_address>
         <readonly>true</readonly>
         <executable>true</executable>
         <run_address>0xff4</run_address>
         <size>0x7c</size>
         <alignment>0x2</alignment>
         <input_file_ref idref="fl-5"/>
      </object_component>
      <object_component id="oc-129">
         <name>.text.doublebyte_to_ascii</name>
         <load_address>0x1070</load_address>
         <readonly>true</readonly>
         <executable>true</executable>
         <run_address>0x1070</run_address>
         <size>0x7c</size>
         <alignment>0x2</alignment>
         <input_file_ref idref="fl-5"/>
      </object_component>
      <object_component id="oc-1c">
         <name>.text:decompress:lzss</name>
         <load_address>0x10ec</load_address>
         <readonly>true</readonly>
         <executable>true</executable>
         <run_address>0x10ec</run_address>
         <size>0x7c</size>
         <alignment>0x4</alignment>
         <input_file_ref idref="fl-31"/>
      </object_component>
      <object_component id="oc-fd">
         <name>.text.I2C_fill_tx_fifo</name>
         <load_address>0x1168</load_address>
         <readonly>true</readonly>
         <executable>true</executable>
         <run_address>0x1168</run_address>
         <size>0x5c</size>
         <alignment>0x4</alignment>
         <input_file_ref idref="fl-1"/>
      </object_component>
      <object_component id="oc-e6">
         <name>.text.display_frequency_and_duty_cycle</name>
         <load_address>0x11c4</load_address>
         <readonly>true</readonly>
         <executable>true</executable>
         <run_address>0x11c4</run_address>
         <size>0x58</size>
         <alignment>0x4</alignment>
         <input_file_ref idref="fl-4"/>
      </object_component>
      <object_component id="oc-e4">
         <name>.text.motor0_set_pwm_freq</name>
         <load_address>0x121c</load_address>
         <readonly>true</readonly>
         <executable>true</executable>
         <run_address>0x121c</run_address>
         <size>0x54</size>
         <alignment>0x4</alignment>
         <input_file_ref idref="fl-4"/>
      </object_component>
      <object_component id="oc-93">
         <name>.text.dipsw_init</name>
         <load_address>0x1270</load_address>
         <readonly>true</readonly>
         <executable>true</executable>
         <run_address>0x1270</run_address>
         <size>0x4c</size>
         <alignment>0x4</alignment>
         <input_file_ref idref="fl-1"/>
      </object_component>
      <object_component id="oc-df">
         <name>.text.__aeabi_uidivmod</name>
         <load_address>0x12bc</load_address>
         <readonly>true</readonly>
         <executable>true</executable>
         <run_address>0x12bc</run_address>
         <size>0x40</size>
         <alignment>0x4</alignment>
         <input_file_ref idref="fl-102"/>
      </object_component>
      <object_component id="oc-fe">
         <name>.text.usec_delay</name>
         <load_address>0x12fc</load_address>
         <readonly>true</readonly>
         <executable>true</executable>
         <run_address>0x12fc</run_address>
         <size>0x3c</size>
         <alignment>0x4</alignment>
         <input_file_ref idref="fl-3"/>
      </object_component>
      <object_component id="oc-b2">
         <name>.text:__TI_auto_init_nobinit_nopinit</name>
         <load_address>0x1338</load_address>
         <readonly>true</readonly>
         <executable>true</executable>
         <run_address>0x1338</run_address>
         <size>0x3c</size>
         <alignment>0x4</alignment>
         <input_file_ref idref="fl-3c"/>
      </object_component>
      <object_component id="oc-e8">
         <name>.text.play_note</name>
         <load_address>0x1374</load_address>
         <readonly>true</readonly>
         <executable>true</executable>
         <run_address>0x1374</run_address>
         <size>0x3a</size>
         <alignment>0x2</alignment>
         <input_file_ref idref="fl-4"/>
      </object_component>
      <object_component id="oc-103">
         <name>.text.__aeabi_idiv0</name>
         <load_address>0x13ae</load_address>
         <readonly>true</readonly>
         <executable>true</executable>
         <run_address>0x13ae</run_address>
         <size>0x2</size>
         <alignment>0x2</alignment>
         <input_file_ref idref="fl-108"/>
      </object_component>
      <object_component id="oc-8e">
         <name>.text.launchpad_gpio_init</name>
         <load_address>0x13b0</load_address>
         <readonly>true</readonly>
         <executable>true</executable>
         <run_address>0x13b0</run_address>
         <size>0x38</size>
         <alignment>0x4</alignment>
         <input_file_ref idref="fl-1"/>
      </object_component>
      <object_component id="oc-a5">
         <name>.text.__NVIC_DisableIRQ</name>
         <load_address>0x13e8</load_address>
         <readonly>true</readonly>
         <executable>true</executable>
         <run_address>0x13e8</run_address>
         <size>0x34</size>
         <alignment>0x4</alignment>
         <input_file_ref idref="fl-4"/>
      </object_component>
      <object_component id="oc-a2">
         <name>.text.config_pb1_interrupts</name>
         <load_address>0x141c</load_address>
         <readonly>true</readonly>
         <executable>true</executable>
         <run_address>0x141c</run_address>
         <size>0x34</size>
         <alignment>0x4</alignment>
         <input_file_ref idref="fl-4"/>
      </object_component>
      <object_component id="oc-a3">
         <name>.text.config_pb2_interrupts</name>
         <load_address>0x1450</load_address>
         <readonly>true</readonly>
         <executable>true</executable>
         <run_address>0x1450</run_address>
         <size>0x34</size>
         <alignment>0x4</alignment>
         <input_file_ref idref="fl-4"/>
      </object_component>
      <object_component id="oc-cb">
         <name>.text.msec_delay</name>
         <load_address>0x1484</load_address>
         <readonly>true</readonly>
         <executable>true</executable>
         <run_address>0x1484</run_address>
         <size>0x34</size>
         <alignment>0x4</alignment>
         <input_file_ref idref="fl-3"/>
      </object_component>
      <object_component id="oc-9f">
         <name>.text.motor0_init</name>
         <load_address>0x14b8</load_address>
         <readonly>true</readonly>
         <executable>true</executable>
         <run_address>0x14b8</run_address>
         <size>0x30</size>
         <alignment>0x4</alignment>
         <input_file_ref idref="fl-1"/>
      </object_component>
      <object_component id="oc-dd">
         <name>.text.__NVIC_EnableIRQ</name>
         <load_address>0x14e8</load_address>
         <readonly>true</readonly>
         <executable>true</executable>
         <run_address>0x14e8</run_address>
         <size>0x2c</size>
         <alignment>0x4</alignment>
         <input_file_ref idref="fl-4"/>
      </object_component>
      <object_component id="oc-10a">
         <name>.text.lcd_write_doublebyte</name>
         <load_address>0x1514</load_address>
         <readonly>true</readonly>
         <executable>true</executable>
         <run_address>0x1514</run_address>
         <size>0x2c</size>
         <alignment>0x4</alignment>
         <input_file_ref idref="fl-5"/>
      </object_component>
      <object_component id="oc-e3">
         <name>.text.motor0_set_pwm_dc</name>
         <load_address>0x1540</load_address>
         <readonly>true</readonly>
         <executable>true</executable>
         <run_address>0x1540</run_address>
         <size>0x2c</size>
         <alignment>0x4</alignment>
         <input_file_ref idref="fl-1"/>
      </object_component>
      <object_component id="oc-10b">
         <name>.text.lcd_write_byte</name>
         <load_address>0x156c</load_address>
         <readonly>true</readonly>
         <executable>true</executable>
         <run_address>0x156c</run_address>
         <size>0x28</size>
         <alignment>0x4</alignment>
         <input_file_ref idref="fl-5"/>
      </object_component>
      <object_component id="oc-57">
         <name>.text:_c_int00_noargs</name>
         <load_address>0x1594</load_address>
         <readonly>true</readonly>
         <executable>true</executable>
         <run_address>0x1594</run_address>
         <size>0x28</size>
         <alignment>0x4</alignment>
         <input_file_ref idref="fl-32"/>
      </object_component>
      <object_component id="oc-a9">
         <name>.text.lcd_write_string</name>
         <load_address>0x15bc</load_address>
         <readonly>true</readonly>
         <executable>true</executable>
         <run_address>0x15bc</run_address>
         <size>0x24</size>
         <alignment>0x2</alignment>
         <input_file_ref idref="fl-5"/>
      </object_component>
      <object_component id="oc-d7">
         <name>.text.lcd_set_backlight_on</name>
         <load_address>0x15e0</load_address>
         <readonly>true</readonly>
         <executable>true</executable>
         <run_address>0x15e0</run_address>
         <size>0x20</size>
         <alignment>0x4</alignment>
         <input_file_ref idref="fl-5"/>
      </object_component>
      <object_component id="oc-a8">
         <name>.text.lcd_set_ddram_addr</name>
         <load_address>0x1600</load_address>
         <readonly>true</readonly>
         <executable>true</executable>
         <run_address>0x1600</run_address>
         <size>0x20</size>
         <alignment>0x2</alignment>
         <input_file_ref idref="fl-5"/>
      </object_component>
      <object_component id="oc-ef">
         <name>.text.lcd_write_char</name>
         <load_address>0x1620</load_address>
         <readonly>true</readonly>
         <executable>true</executable>
         <run_address>0x1620</run_address>
         <size>0x18</size>
         <alignment>0x2</alignment>
         <input_file_ref idref="fl-5"/>
      </object_component>
      <object_component id="oc-a6">
         <name>.text.leds_disable</name>
         <load_address>0x1638</load_address>
         <readonly>true</readonly>
         <executable>true</executable>
         <run_address>0x1638</run_address>
         <size>0x14</size>
         <alignment>0x4</alignment>
         <input_file_ref idref="fl-1"/>
      </object_component>
      <object_component id="oc-96">
         <name>.text.leds_enable</name>
         <load_address>0x164c</load_address>
         <readonly>true</readonly>
         <executable>true</executable>
         <run_address>0x164c</run_address>
         <size>0x14</size>
         <alignment>0x4</alignment>
         <input_file_ref idref="fl-1"/>
      </object_component>
      <object_component id="oc-7f">
         <name>.text:TI_memcpy_small</name>
         <load_address>0x1660</load_address>
         <readonly>true</readonly>
         <executable>true</executable>
         <run_address>0x1660</run_address>
         <size>0x12</size>
         <alignment>0x1</alignment>
         <input_file_ref idref="fl-10a"/>
      </object_component>
      <object_component id="oc-20">
         <name>.text:decompress:none</name>
         <load_address>0x1672</load_address>
         <readonly>true</readonly>
         <executable>true</executable>
         <run_address>0x1672</run_address>
         <size>0x12</size>
         <alignment>0x2</alignment>
         <input_file_ref idref="fl-30"/>
      </object_component>
      <object_component id="oc-cf">
         <name>.text.clock_delay</name>
         <load_address>0x1684</load_address>
         <readonly>true</readonly>
         <executable>true</executable>
         <run_address>0x1684</run_address>
         <size>0x10</size>
         <alignment>0x2</alignment>
         <input_file_ref idref="fl-3"/>
      </object_component>
      <object_component id="oc-a7">
         <name>.text.motor0_pwm_disable</name>
         <load_address>0x1694</load_address>
         <readonly>true</readonly>
         <executable>true</executable>
         <run_address>0x1694</run_address>
         <size>0x10</size>
         <alignment>0x4</alignment>
         <input_file_ref idref="fl-1"/>
      </object_component>
      <object_component id="oc-a1">
         <name>.text.motor0_pwm_enable</name>
         <load_address>0x16a4</load_address>
         <readonly>true</readonly>
         <executable>true</executable>
         <run_address>0x16a4</run_address>
         <size>0x10</size>
         <alignment>0x4</alignment>
         <input_file_ref idref="fl-1"/>
      </object_component>
      <object_component id="oc-9d">
         <name>.text.lcd_clear</name>
         <load_address>0x16b4</load_address>
         <readonly>true</readonly>
         <executable>true</executable>
         <run_address>0x16b4</run_address>
         <size>0xe</size>
         <alignment>0x2</alignment>
         <input_file_ref idref="fl-5"/>
      </object_component>
      <object_component id="oc-109">
         <name>.text.get_bus_clock_freq</name>
         <load_address>0x16c4</load_address>
         <readonly>true</readonly>
         <executable>true</executable>
         <run_address>0x16c4</run_address>
         <size>0xc</size>
         <alignment>0x4</alignment>
         <input_file_ref idref="fl-3"/>
      </object_component>
      <object_component id="oc-47">
         <name>.text.__aeabi_memcpy</name>
         <load_address>0x16d0</load_address>
         <readonly>true</readonly>
         <executable>true</executable>
         <run_address>0x16d0</run_address>
         <size>0x8</size>
         <alignment>0x4</alignment>
         <input_file_ref idref="fl-100"/>
      </object_component>
      <object_component id="oc-35">
         <name>.text.Default_Handler</name>
         <load_address>0x16d8</load_address>
         <readonly>true</readonly>
         <executable>true</executable>
         <run_address>0x16d8</run_address>
         <size>0x4</size>
         <alignment>0x2</alignment>
         <input_file_ref idref="fl-8"/>
      </object_component>
      <object_component id="oc-36">
         <name>.text.HardFault_Handler</name>
         <load_address>0x16dc</load_address>
         <readonly>true</readonly>
         <executable>true</executable>
         <run_address>0x16dc</run_address>
         <size>0x4</size>
         <alignment>0x2</alignment>
         <input_file_ref idref="fl-8"/>
      </object_component>
      <object_component id="oc-31">
         <name>.text.Reset_Handler</name>
         <load_address>0x16e0</load_address>
         <readonly>true</readonly>
         <executable>true</executable>
         <run_address>0x16e0</run_address>
         <size>0x4</size>
         <alignment>0x2</alignment>
         <input_file_ref idref="fl-8"/>
      </object_component>
      <object_component id="oc-70">
         <name>.text._system_pre_init</name>
         <load_address>0x16e4</load_address>
         <readonly>true</readonly>
         <executable>true</executable>
         <run_address>0x16e4</run_address>
         <size>0x4</size>
         <alignment>0x2</alignment>
         <input_file_ref idref="fl-3d"/>
      </object_component>
      <object_component id="oc-ab">
         <name>.text:abort</name>
         <load_address>0x16e8</load_address>
         <readonly>true</readonly>
         <executable>true</executable>
         <run_address>0x16e8</run_address>
         <size>0x4</size>
         <alignment>0x2</alignment>
         <input_file_ref idref="fl-39"/>
      </object_component>
      <object_component id="oc-16c">
         <name>.cinit..data.load</name>
         <load_address>0x19b0</load_address>
         <readonly>true</readonly>
         <run_address>0x19b0</run_address>
         <size>0x1d</size>
         <alignment>0x1</alignment>
      </object_component>
      <object_component id="oc-16a">
         <name>__TI_handler_table</name>
         <load_address>0x19d0</load_address>
         <readonly>true</readonly>
         <run_address>0x19d0</run_address>
         <size>0x8</size>
         <alignment>0x4</alignment>
      </object_component>
      <object_component id="oc-16b">
         <name>__TI_cinit_table</name>
         <load_address>0x19d8</load_address>
         <readonly>true</readonly>
         <run_address>0x19d8</run_address>
         <size>0x8</size>
         <alignment>0x4</alignment>
      </object_component>
      <object_component id="oc-ea">
         <name>.rodata.imperial_march</name>
         <load_address>0x16f0</load_address>
         <readonly>true</readonly>
         <run_address>0x16f0</run_address>
         <size>0x120</size>
         <alignment>0x4</alignment>
         <input_file_ref idref="fl-4"/>
      </object_component>
      <object_component id="oc-d3">
         <name>.rodata.led_config_data</name>
         <load_address>0x1810</load_address>
         <readonly>true</readonly>
         <run_address>0x1810</run_address>
         <size>0x60</size>
         <alignment>0x4</alignment>
         <input_file_ref idref="fl-1"/>
      </object_component>
      <object_component id="oc-d2">
         <name>.rodata.dip_switch_config_data</name>
         <load_address>0x1870</load_address>
         <readonly>true</readonly>
         <run_address>0x1870</run_address>
         <size>0x30</size>
         <alignment>0x4</alignment>
         <input_file_ref idref="fl-1"/>
      </object_component>
      <object_component id="oc-da">
         <name>.rodata.kp_col_config_data</name>
         <load_address>0x18a0</load_address>
         <readonly>true</readonly>
         <run_address>0x18a0</run_address>
         <size>0x30</size>
         <alignment>0x4</alignment>
         <input_file_ref idref="fl-1"/>
      </object_component>
      <object_component id="oc-db">
         <name>.rodata.kp_row_config_data</name>
         <load_address>0x18d0</load_address>
         <readonly>true</readonly>
         <run_address>0x18d0</run_address>
         <size>0x30</size>
         <alignment>0x4</alignment>
         <input_file_ref idref="fl-1"/>
      </object_component>
      <object_component id="oc-d4">
         <name>.rodata.iic_config_data</name>
         <load_address>0x1900</load_address>
         <readonly>true</readonly>
         <run_address>0x1900</run_address>
         <size>0x18</size>
         <alignment>0x4</alignment>
         <input_file_ref idref="fl-1"/>
      </object_component>
      <object_component id="oc-ee">
         <name>.rodata.str1.145245311746485195351</name>
         <load_address>0x1918</load_address>
         <readonly>true</readonly>
         <run_address>0x1918</run_address>
         <size>0x11</size>
         <alignment>0x1</alignment>
         <input_file_ref idref="fl-4"/>
      </object_component>
      <object_component id="oc-aa">
         <name>.rodata.str1.15304935739713114671</name>
         <load_address>0x1929</load_address>
         <readonly>true</readonly>
         <run_address>0x1929</run_address>
         <size>0x10</size>
         <alignment>0x1</alignment>
         <input_file_ref idref="fl-4"/>
      </object_component>
      <object_component id="oc-ec">
         <name>.rodata.str1.79865689554416968301</name>
         <load_address>0x1939</load_address>
         <readonly>true</readonly>
         <run_address>0x1939</run_address>
         <size>0xf</size>
         <alignment>0x1</alignment>
         <input_file_ref idref="fl-4"/>
      </object_component>
      <object_component id="oc-ed">
         <name>.rodata.str1.22393389753681386331</name>
         <load_address>0x1948</load_address>
         <readonly>true</readonly>
         <run_address>0x1948</run_address>
         <size>0xe</size>
         <alignment>0x1</alignment>
         <input_file_ref idref="fl-4"/>
      </object_component>
      <object_component id="oc-eb">
         <name>.rodata.str1.135787853009081746421</name>
         <load_address>0x1956</load_address>
         <readonly>true</readonly>
         <run_address>0x1956</run_address>
         <size>0xd</size>
         <alignment>0x1</alignment>
         <input_file_ref idref="fl-4"/>
      </object_component>
      <object_component id="oc-e9">
         <name>.rodata.str1.51834308763788027731</name>
         <load_address>0x1963</load_address>
         <readonly>true</readonly>
         <run_address>0x1963</run_address>
         <size>0xc</size>
         <alignment>0x1</alignment>
         <input_file_ref idref="fl-4"/>
      </object_component>
      <object_component id="oc-10d">
         <name>.rodata.str1.27054072713869442091</name>
         <load_address>0x196f</load_address>
         <readonly>true</readonly>
         <run_address>0x196f</run_address>
         <size>0x5</size>
         <alignment>0x1</alignment>
         <input_file_ref idref="fl-4"/>
      </object_component>
      <object_component id="oc-11c">
         <name>.rodata.str1.151847325131527133141</name>
         <load_address>0x1974</load_address>
         <readonly>true</readonly>
         <run_address>0x1974</run_address>
         <size>0x4</size>
         <alignment>0x1</alignment>
         <input_file_ref idref="fl-4"/>
      </object_component>
      <object_component id="oc-115">
         <name>.rodata.str1.177864055705736186031</name>
         <load_address>0x1978</load_address>
         <readonly>true</readonly>
         <run_address>0x1978</run_address>
         <size>0x4</size>
         <alignment>0x1</alignment>
         <input_file_ref idref="fl-4"/>
      </object_component>
      <object_component id="oc-113">
         <name>.rodata.str1.183477366305915305921</name>
         <load_address>0x197c</load_address>
         <readonly>true</readonly>
         <run_address>0x197c</run_address>
         <size>0x4</size>
         <alignment>0x1</alignment>
         <input_file_ref idref="fl-4"/>
      </object_component>
      <object_component id="oc-11a">
         <name>.rodata.str1.27369206381130710351</name>
         <load_address>0x1980</load_address>
         <readonly>true</readonly>
         <run_address>0x1980</run_address>
         <size>0x4</size>
         <alignment>0x1</alignment>
         <input_file_ref idref="fl-4"/>
      </object_component>
      <object_component id="oc-119">
         <name>.rodata.str1.84468298237665480121</name>
         <load_address>0x1984</load_address>
         <readonly>true</readonly>
         <run_address>0x1984</run_address>
         <size>0x4</size>
         <alignment>0x1</alignment>
         <input_file_ref idref="fl-4"/>
      </object_component>
      <object_component id="oc-117">
         <name>.rodata.str1.85591476885743418361</name>
         <load_address>0x1988</load_address>
         <readonly>true</readonly>
         <run_address>0x1988</run_address>
         <size>0x4</size>
         <alignment>0x1</alignment>
         <input_file_ref idref="fl-4"/>
      </object_component>
      <object_component id="oc-111">
         <name>.rodata.str1.139251602667937188931</name>
         <load_address>0x198c</load_address>
         <readonly>true</readonly>
         <run_address>0x198c</run_address>
         <size>0x3</size>
         <alignment>0x1</alignment>
         <input_file_ref idref="fl-4"/>
      </object_component>
      <object_component id="oc-10c">
         <name>.rodata.str1.139543649398180013361</name>
         <load_address>0x198f</load_address>
         <readonly>true</readonly>
         <run_address>0x198f</run_address>
         <size>0x3</size>
         <alignment>0x1</alignment>
         <input_file_ref idref="fl-4"/>
      </object_component>
      <object_component id="oc-110">
         <name>.rodata.str1.151152910129441224961</name>
         <load_address>0x1992</load_address>
         <readonly>true</readonly>
         <run_address>0x1992</run_address>
         <size>0x3</size>
         <alignment>0x1</alignment>
         <input_file_ref idref="fl-4"/>
      </object_component>
      <object_component id="oc-114">
         <name>.rodata.str1.151198548161931928921</name>
         <load_address>0x1995</load_address>
         <readonly>true</readonly>
         <run_address>0x1995</run_address>
         <size>0x3</size>
         <alignment>0x1</alignment>
         <input_file_ref idref="fl-4"/>
      </object_component>
      <object_component id="oc-112">
         <name>.rodata.str1.154585605743019558531</name>
         <load_address>0x1998</load_address>
         <readonly>true</readonly>
         <run_address>0x1998</run_address>
         <size>0x3</size>
         <alignment>0x1</alignment>
         <input_file_ref idref="fl-4"/>
      </object_component>
      <object_component id="oc-11b">
         <name>.rodata.str1.160660757739070033471</name>
         <load_address>0x199b</load_address>
         <readonly>true</readonly>
         <run_address>0x199b</run_address>
         <size>0x3</size>
         <alignment>0x1</alignment>
         <input_file_ref idref="fl-4"/>
      </object_component>
      <object_component id="oc-10f">
         <name>.rodata.str1.174337423350335480041</name>
         <load_address>0x199e</load_address>
         <readonly>true</readonly>
         <run_address>0x199e</run_address>
         <size>0x3</size>
         <alignment>0x1</alignment>
         <input_file_ref idref="fl-4"/>
      </object_component>
      <object_component id="oc-116">
         <name>.rodata.str1.32441314968632981081</name>
         <load_address>0x19a1</load_address>
         <readonly>true</readonly>
         <run_address>0x19a1</run_address>
         <size>0x3</size>
         <alignment>0x1</alignment>
         <input_file_ref idref="fl-4"/>
      </object_component>
      <object_component id="oc-10e">
         <name>.rodata.str1.40512574843326497331</name>
         <load_address>0x19a4</load_address>
         <readonly>true</readonly>
         <run_address>0x19a4</run_address>
         <size>0x3</size>
         <alignment>0x1</alignment>
         <input_file_ref idref="fl-4"/>
      </object_component>
      <object_component id="oc-118">
         <name>.rodata.str1.157360666330538697421</name>
         <load_address>0x19a7</load_address>
         <readonly>true</readonly>
         <run_address>0x19a7</run_address>
         <size>0x2</size>
         <alignment>0x1</alignment>
         <input_file_ref idref="fl-4"/>
      </object_component>
      <object_component id="oc-134">
         <name>.binit</name>
         <load_address>0x0</load_address>
         <readonly>true</readonly>
         <run_address>0x0</run_address>
         <size>0x0</size>
         <alignment>0x4</alignment>
      </object_component>
      <object_component id="oc-102">
         <name>.data.keycodes</name>
         <load_address>0x20200800</load_address>
         <readwrite>true</readwrite>
         <run_address>0x20200800</run_address>
         <size>0x10</size>
         <alignment>0x1</alignment>
         <input_file_ref idref="fl-1"/>
      </object_component>
      <object_component id="oc-cc">
         <name>.data.g_bus_clock_freq</name>
         <load_address>0x20200810</load_address>
         <readwrite>true</readwrite>
         <run_address>0x20200810</run_address>
         <size>0x4</size>
         <alignment>0x4</alignment>
         <input_file_ref idref="fl-3"/>
      </object_component>
      <object_component id="oc-63">
         <name>.data.PB1_pressed</name>
         <load_address>0x20200814</load_address>
         <readwrite>true</readwrite>
         <run_address>0x20200814</run_address>
         <size>0x1</size>
         <alignment>0x1</alignment>
         <input_file_ref idref="fl-4"/>
      </object_component>
      <object_component id="oc-64">
         <name>.data.PB2_pressed</name>
         <load_address>0x20200815</load_address>
         <readwrite>true</readwrite>
         <run_address>0x20200815</run_address>
         <size>0x1</size>
         <alignment>0x1</alignment>
         <input_file_ref idref="fl-4"/>
      </object_component>
      <object_component id="oc-ff">
         <name>.data.g_lcd_backlight_mode</name>
         <load_address>0x20200816</load_address>
         <readwrite>true</readwrite>
         <run_address>0x20200816</run_address>
         <size>0x1</size>
         <alignment>0x1</alignment>
         <input_file_ref idref="fl-5"/>
      </object_component>
      <object_component id="oc-2f">
         <name>.sysmem</name>
         <uninitialized>true</uninitialized>
         <readwrite>true</readwrite>
         <run_address>0x20200000</run_address>
         <size>0x10</size>
         <alignment>0x8</alignment>
         <input_file_ref idref="fl-2e"/>
      </object_component>
      <object_component id="oc-16f">
         <name>.sysmem</name>
         <uninitialized>true</uninitialized>
         <readwrite>true</readwrite>
         <run_address>0x20200000</run_address>
         <size>0x0</size>
         <alignment>0x4</alignment>
      </object_component>
      <object_component id="oc-1a">
         <name>.stack</name>
         <uninitialized>true</uninitialized>
         <readwrite>true</readwrite>
         <run_address>0x20207e00</run_address>
         <size>0x4</size>
         <alignment>0x4</alignment>
         <input_file_ref idref="fl-32"/>
      </object_component>
      <object_component id="oc-16e">
         <name>.stack</name>
         <uninitialized>true</uninitialized>
         <readwrite>true</readwrite>
         <run_address>0x20207e00</run_address>
         <size>0x0</size>
         <alignment>0x8</alignment>
      </object_component>
      <object_component id="oc-d0">
         <name>.debug_abbrev</name>
         <load_address>0x0</load_address>
         <run_address>0x0</run_address>
         <size>0x17e</size>
         <alignment>0x1</alignment>
         <input_file_ref idref="fl-1"/>
      </object_component>
      <object_component id="oc-cd">
         <name>.debug_abbrev</name>
         <load_address>0x17e</load_address>
         <run_address>0x17e</run_address>
         <size>0x161</size>
         <alignment>0x1</alignment>
         <input_file_ref idref="fl-3"/>
      </object_component>
      <object_component id="oc-65">
         <name>.debug_abbrev</name>
         <load_address>0x2df</load_address>
         <run_address>0x2df</run_address>
         <size>0x1e6</size>
         <alignment>0x1</alignment>
         <input_file_ref idref="fl-4"/>
      </object_component>
      <object_component id="oc-d8">
         <name>.debug_abbrev</name>
         <load_address>0x4c5</load_address>
         <run_address>0x4c5</run_address>
         <size>0x11b</size>
         <alignment>0x1</alignment>
         <input_file_ref idref="fl-5"/>
      </object_component>
      <object_component id="oc-3c">
         <name>.debug_abbrev</name>
         <load_address>0x5e0</load_address>
         <run_address>0x5e0</run_address>
         <size>0x6d</size>
         <alignment>0x1</alignment>
         <input_file_ref idref="fl-8"/>
      </object_component>
      <object_component id="oc-5e">
         <name>.debug_abbrev</name>
         <load_address>0x64d</load_address>
         <run_address>0x64d</run_address>
         <size>0x299</size>
         <alignment>0x1</alignment>
         <input_file_ref idref="fl-2e"/>
      </object_component>
      <object_component id="oc-4b">
         <name>.debug_abbrev</name>
         <load_address>0x8e6</load_address>
         <run_address>0x8e6</run_address>
         <size>0x70</size>
         <alignment>0x1</alignment>
         <input_file_ref idref="fl-30"/>
      </object_component>
      <object_component id="oc-43">
         <name>.debug_abbrev</name>
         <load_address>0x956</load_address>
         <run_address>0x956</run_address>
         <size>0x8d</size>
         <alignment>0x1</alignment>
         <input_file_ref idref="fl-31"/>
      </object_component>
      <object_component id="oc-3e">
         <name>.debug_abbrev</name>
         <load_address>0x9e3</load_address>
         <run_address>0x9e3</run_address>
         <size>0xaf</size>
         <alignment>0x1</alignment>
         <input_file_ref idref="fl-32"/>
      </object_component>
      <object_component id="oc-f0">
         <name>.debug_abbrev</name>
         <load_address>0xa92</load_address>
         <run_address>0xa92</run_address>
         <size>0xb3</size>
         <alignment>0x1</alignment>
         <input_file_ref idref="fl-39"/>
      </object_component>
      <object_component id="oc-f6">
         <name>.debug_abbrev</name>
         <load_address>0xb45</load_address>
         <run_address>0xb45</run_address>
         <size>0x170</size>
         <alignment>0x1</alignment>
         <input_file_ref idref="fl-3c"/>
      </object_component>
      <object_component id="oc-87">
         <name>.debug_abbrev</name>
         <load_address>0xcb5</load_address>
         <run_address>0xcb5</run_address>
         <size>0x39</size>
         <alignment>0x1</alignment>
         <input_file_ref idref="fl-3d"/>
      </object_component>
      <object_component id="oc-68">
         <name>.debug_abbrev</name>
         <load_address>0xcee</load_address>
         <run_address>0xcee</run_address>
         <size>0x27</size>
         <alignment>0x1</alignment>
         <input_file_ref idref="fl-100"/>
      </object_component>
      <object_component id="oc-108">
         <name>.debug_abbrev</name>
         <load_address>0xd15</load_address>
         <run_address>0xd15</run_address>
         <size>0x27</size>
         <alignment>0x1</alignment>
         <input_file_ref idref="fl-102"/>
      </object_component>
      <object_component id="oc-126">
         <name>.debug_abbrev</name>
         <load_address>0xd3c</load_address>
         <run_address>0xd3c</run_address>
         <size>0x59</size>
         <alignment>0x1</alignment>
         <input_file_ref idref="fl-108"/>
      </object_component>
      <object_component id="oc-c4">
         <name>.debug_abbrev</name>
         <load_address>0xd95</load_address>
         <run_address>0xd95</run_address>
         <size>0x25</size>
         <alignment>0x1</alignment>
         <input_file_ref idref="fl-10a"/>
      </object_component>
      <object_component id="oc-171">
         <name>.debug_abbrev</name>
         <load_address>0xdba</load_address>
         <run_address>0xdba</run_address>
         <size>0xf</size>
         <alignment>0x0</alignment>
      </object_component>
      <object_component id="oc-8f">
         <name>.debug_info</name>
         <load_address>0x0</load_address>
         <run_address>0x0</run_address>
         <size>0x2341</size>
         <alignment>0x1</alignment>
         <input_file_ref idref="fl-1"/>
      </object_component>
      <object_component id="oc-8a">
         <name>.debug_info</name>
         <load_address>0x2341</load_address>
         <run_address>0x2341</run_address>
         <size>0x6c9</size>
         <alignment>0x1</alignment>
         <input_file_ref idref="fl-3"/>
      </object_component>
      <object_component id="oc-38">
         <name>.debug_info</name>
         <load_address>0x2a0a</load_address>
         <run_address>0x2a0a</run_address>
         <size>0x194e</size>
         <alignment>0x1</alignment>
         <input_file_ref idref="fl-4"/>
      </object_component>
      <object_component id="oc-99">
         <name>.debug_info</name>
         <load_address>0x4358</load_address>
         <run_address>0x4358</run_address>
         <size>0x5ea</size>
         <alignment>0x1</alignment>
         <input_file_ref idref="fl-5"/>
      </object_component>
      <object_component id="oc-19">
         <name>.debug_info</name>
         <load_address>0x4942</load_address>
         <run_address>0x4942</run_address>
         <size>0x94</size>
         <alignment>0x1</alignment>
         <input_file_ref idref="fl-8"/>
      </object_component>
      <object_component id="oc-30">
         <name>.debug_info</name>
         <load_address>0x49d6</load_address>
         <run_address>0x49d6</run_address>
         <size>0xae7</size>
         <alignment>0x1</alignment>
         <input_file_ref idref="fl-2e"/>
      </object_component>
      <object_component id="oc-21">
         <name>.debug_info</name>
         <load_address>0x54bd</load_address>
         <run_address>0x54bd</run_address>
         <size>0xc6</size>
         <alignment>0x1</alignment>
         <input_file_ref idref="fl-30"/>
      </object_component>
      <object_component id="oc-1d">
         <name>.debug_info</name>
         <load_address>0x5583</load_address>
         <run_address>0x5583</run_address>
         <size>0x17c</size>
         <alignment>0x1</alignment>
         <input_file_ref idref="fl-31"/>
      </object_component>
      <object_component id="oc-1b">
         <name>.debug_info</name>
         <load_address>0x56ff</load_address>
         <run_address>0x56ff</run_address>
         <size>0x423</size>
         <alignment>0x1</alignment>
         <input_file_ref idref="fl-32"/>
      </object_component>
      <object_component id="oc-ac">
         <name>.debug_info</name>
         <load_address>0x5b22</load_address>
         <run_address>0x5b22</run_address>
         <size>0xed</size>
         <alignment>0x1</alignment>
         <input_file_ref idref="fl-39"/>
      </object_component>
      <object_component id="oc-b4">
         <name>.debug_info</name>
         <load_address>0x5c0f</load_address>
         <run_address>0x5c0f</run_address>
         <size>0x744</size>
         <alignment>0x1</alignment>
         <input_file_ref idref="fl-3c"/>
      </object_component>
      <object_component id="oc-71">
         <name>.debug_info</name>
         <load_address>0x6353</load_address>
         <run_address>0x6353</run_address>
         <size>0x46</size>
         <alignment>0x1</alignment>
         <input_file_ref idref="fl-3d"/>
      </object_component>
      <object_component id="oc-48">
         <name>.debug_info</name>
         <load_address>0x6399</load_address>
         <run_address>0x6399</run_address>
         <size>0x1a9</size>
         <alignment>0x1</alignment>
         <input_file_ref idref="fl-100"/>
      </object_component>
      <object_component id="oc-e0">
         <name>.debug_info</name>
         <load_address>0x6542</load_address>
         <run_address>0x6542</run_address>
         <size>0x1cc</size>
         <alignment>0x1</alignment>
         <input_file_ref idref="fl-102"/>
      </object_component>
      <object_component id="oc-104">
         <name>.debug_info</name>
         <load_address>0x670e</load_address>
         <run_address>0x670e</run_address>
         <size>0x85</size>
         <alignment>0x1</alignment>
         <input_file_ref idref="fl-108"/>
      </object_component>
      <object_component id="oc-82">
         <name>.debug_info</name>
         <load_address>0x6793</load_address>
         <run_address>0x6793</run_address>
         <size>0x302</size>
         <alignment>0x1</alignment>
         <input_file_ref idref="fl-10a"/>
      </object_component>
      <object_component id="oc-170">
         <name>.debug_info</name>
         <load_address>0x6a95</load_address>
         <run_address>0x6a95</run_address>
         <size>0xa3</size>
         <alignment>0x0</alignment>
      </object_component>
      <object_component id="oc-90">
         <name>.debug_ranges</name>
         <load_address>0x0</load_address>
         <run_address>0x0</run_address>
         <size>0x188</size>
         <alignment>0x1</alignment>
         <input_file_ref idref="fl-1"/>
      </object_component>
      <object_component id="oc-8b">
         <name>.debug_ranges</name>
         <load_address>0x188</load_address>
         <run_address>0x188</run_address>
         <size>0x48</size>
         <alignment>0x1</alignment>
         <input_file_ref idref="fl-3"/>
      </object_component>
      <object_component id="oc-39">
         <name>.debug_ranges</name>
         <load_address>0x1d0</load_address>
         <run_address>0x1d0</run_address>
         <size>0x60</size>
         <alignment>0x1</alignment>
         <input_file_ref idref="fl-4"/>
      </object_component>
      <object_component id="oc-9a">
         <name>.debug_ranges</name>
         <load_address>0x230</load_address>
         <run_address>0x230</run_address>
         <size>0x88</size>
         <alignment>0x1</alignment>
         <input_file_ref idref="fl-5"/>
      </object_component>
      <object_component id="oc-32">
         <name>.debug_ranges</name>
         <load_address>0x2b8</load_address>
         <run_address>0x2b8</run_address>
         <size>0x20</size>
         <alignment>0x1</alignment>
         <input_file_ref idref="fl-8"/>
      </object_component>
      <object_component id="oc-61">
         <name>.debug_ranges</name>
         <load_address>0x2d8</load_address>
         <run_address>0x2d8</run_address>
         <size>0xa0</size>
         <alignment>0x1</alignment>
         <input_file_ref idref="fl-2e"/>
      </object_component>
      <object_component id="oc-46">
         <name>.debug_ranges</name>
         <load_address>0x378</load_address>
         <run_address>0x378</run_address>
         <size>0x50</size>
         <alignment>0x1</alignment>
         <input_file_ref idref="fl-31"/>
      </object_component>
      <object_component id="oc-41">
         <name>.debug_ranges</name>
         <load_address>0x3c8</load_address>
         <run_address>0x3c8</run_address>
         <size>0x48</size>
         <alignment>0x1</alignment>
         <input_file_ref idref="fl-32"/>
      </object_component>
      <object_component id="oc-ad">
         <name>.debug_ranges</name>
         <load_address>0x410</load_address>
         <run_address>0x410</run_address>
         <size>0x18</size>
         <alignment>0x1</alignment>
         <input_file_ref idref="fl-39"/>
      </object_component>
      <object_component id="oc-b5">
         <name>.debug_ranges</name>
         <load_address>0x428</load_address>
         <run_address>0x428</run_address>
         <size>0x48</size>
         <alignment>0x1</alignment>
         <input_file_ref idref="fl-3c"/>
      </object_component>
      <object_component id="oc-105">
         <name>.debug_ranges</name>
         <load_address>0x470</load_address>
         <run_address>0x470</run_address>
         <size>0x18</size>
         <alignment>0x1</alignment>
         <input_file_ref idref="fl-108"/>
      </object_component>
      <object_component id="oc-80">
         <name>.debug_ranges</name>
         <load_address>0x488</load_address>
         <run_address>0x488</run_address>
         <size>0x28</size>
         <alignment>0x1</alignment>
         <input_file_ref idref="fl-10a"/>
      </object_component>
      <object_component id="oc-d1">
         <name>.debug_str</name>
         <load_address>0x0</load_address>
         <run_address>0x0</run_address>
         <size>0x1046</size>
         <alignment>0x1</alignment>
         <input_file_ref idref="fl-1"/>
      </object_component>
      <object_component id="oc-ce">
         <name>.debug_str</name>
         <load_address>0x1046</load_address>
         <run_address>0x1046</run_address>
         <size>0x4d5</size>
         <alignment>0x1</alignment>
         <input_file_ref idref="fl-3"/>
      </object_component>
      <object_component id="oc-66">
         <name>.debug_str</name>
         <load_address>0x151b</load_address>
         <run_address>0x151b</run_address>
         <size>0xca4</size>
         <alignment>0x1</alignment>
         <input_file_ref idref="fl-4"/>
      </object_component>
      <object_component id="oc-d9">
         <name>.debug_str</name>
         <load_address>0x21bf</load_address>
         <run_address>0x21bf</run_address>
         <size>0x33d</size>
         <alignment>0x1</alignment>
         <input_file_ref idref="fl-5"/>
      </object_component>
      <object_component id="oc-3d">
         <name>.debug_str</name>
         <load_address>0x24fc</load_address>
         <run_address>0x24fc</run_address>
         <size>0x123</size>
         <alignment>0x1</alignment>
         <input_file_ref idref="fl-8"/>
      </object_component>
      <object_component id="oc-5f">
         <name>.debug_str</name>
         <load_address>0x261f</load_address>
         <run_address>0x261f</run_address>
         <size>0x3d3</size>
         <alignment>0x1</alignment>
         <input_file_ref idref="fl-2e"/>
      </object_component>
      <object_component id="oc-4c">
         <name>.debug_str</name>
         <load_address>0x29f2</load_address>
         <run_address>0x29f2</run_address>
         <size>0x170</size>
         <alignment>0x1</alignment>
         <input_file_ref idref="fl-30"/>
      </object_component>
      <object_component id="oc-44">
         <name>.debug_str</name>
         <load_address>0x2b62</load_address>
         <run_address>0x2b62</run_address>
         <size>0x1dd</size>
         <alignment>0x1</alignment>
         <input_file_ref idref="fl-31"/>
      </object_component>
      <object_component id="oc-3f">
         <name>.debug_str</name>
         <load_address>0x2d3f</load_address>
         <run_address>0x2d3f</run_address>
         <size>0x22d</size>
         <alignment>0x1</alignment>
         <input_file_ref idref="fl-32"/>
      </object_component>
      <object_component id="oc-f1">
         <name>.debug_str</name>
         <load_address>0x2f6c</load_address>
         <run_address>0x2f6c</run_address>
         <size>0x147</size>
         <alignment>0x1</alignment>
         <input_file_ref idref="fl-39"/>
      </object_component>
      <object_component id="oc-f7">
         <name>.debug_str</name>
         <load_address>0x30b3</load_address>
         <run_address>0x30b3</run_address>
         <size>0x337</size>
         <alignment>0x1</alignment>
         <input_file_ref idref="fl-3c"/>
      </object_component>
      <object_component id="oc-88">
         <name>.debug_str</name>
         <load_address>0x33ea</load_address>
         <run_address>0x33ea</run_address>
         <size>0xfd</size>
         <alignment>0x1</alignment>
         <input_file_ref idref="fl-3d"/>
      </object_component>
      <object_component id="oc-127">
         <name>.debug_str</name>
         <load_address>0x34e7</load_address>
         <run_address>0x34e7</run_address>
         <size>0x1a3</size>
         <alignment>0x1</alignment>
         <input_file_ref idref="fl-108"/>
      </object_component>
      <object_component id="oc-91">
         <name>.debug_frame</name>
         <load_address>0x0</load_address>
         <run_address>0x0</run_address>
         <size>0x43c</size>
         <alignment>0x4</alignment>
         <input_file_ref idref="fl-1"/>
      </object_component>
      <object_component id="oc-8c">
         <name>.debug_frame</name>
         <load_address>0x43c</load_address>
         <run_address>0x43c</run_address>
         <size>0xc4</size>
         <alignment>0x4</alignment>
         <input_file_ref idref="fl-3"/>
      </object_component>
      <object_component id="oc-3a">
         <name>.debug_frame</name>
         <load_address>0x500</load_address>
         <run_address>0x500</run_address>
         <size>0x130</size>
         <alignment>0x4</alignment>
         <input_file_ref idref="fl-4"/>
      </object_component>
      <object_component id="oc-9b">
         <name>.debug_frame</name>
         <load_address>0x630</load_address>
         <run_address>0x630</run_address>
         <size>0x1c0</size>
         <alignment>0x4</alignment>
         <input_file_ref idref="fl-5"/>
      </object_component>
      <object_component id="oc-33">
         <name>.debug_frame</name>
         <load_address>0x7f0</load_address>
         <run_address>0x7f0</run_address>
         <size>0x40</size>
         <alignment>0x4</alignment>
         <input_file_ref idref="fl-8"/>
      </object_component>
      <object_component id="oc-22">
[...]
      </memory_area>
   </placement_map>
   <cptbl_list>
      <cptbl>
         <name>__TI_cinit_table</name>
         <cprec>
            <name>.data</name>
            <load_address>0x19b0</load_address>
            <load_size>0x1d</load_size>
            <run_address>0x20200800</run_address>
            <run_size>0x17</run_size>
            <compression>lzss</compression>
         </cprec>
      </cptbl>
   </cptbl_list>
   <handler_table>
      <handler_table_name>__TI_handler_table</handler_table_name>
      <handler>
         <index>0x0</index>
         <name>__TI_decompress_lzss</name>
      </handler>
      <handler>
         <index>0x1</index>
         <name>__TI_decompress_none</name>
      </handler>
   </handler_table>
   <symbol_table>
      <symbol id="sm-1">
         <name>__start___llvm_prf_cnts</name>
         <value>0x20200000</value>
      </symbol>
      <symbol id="sm-2">
         <name>__stop___llvm_prf_cnts</name>
         <value>0x20200000</value>
      </symbol>
      <symbol id="sm-3">
         <name>__start___llvm_prf_bits</name>
         <value>0x20200000</value>
      </symbol>
      <symbol id="sm-4">
         <name>__stop___llvm_prf_bits</name>
         <value>0x20200000</value>
      </symbol>
      <symbol id="sm-5">
         <name>__TI_CINIT_Base</name>
         <value>0x19d8</value>
      </symbol>
      <symbol id="sm-6">
         <name>__TI_CINIT_Limit</name>
         <value>0x19e0</value>
      </symbol>
      <symbol id="sm-7">
         <name>__TI_CINIT_Warm</name>
         <value>0x19e0</value>
      </symbol>
      <symbol id="sm-8">
         <name>__TI_Handler_Table_Base</name>
         <value>0x19d0</value>
      </symbol>
      <symbol id="sm-9">
         <name>__TI_Handler_Table_Limit</name>
         <value>0x19d8</value>
      </symbol>
      <symbol id="sm-a">
         <name>binit</name>
         <value>0xffffffff</value>
      </symbol>
      <symbol id="sm-b">
         <name>__binit__</name>
         <value>0xffffffff</value>
      </symbol>
      <symbol id="sm-c">
         <name>__STACK_SIZE</name>
         <value>0x200</value>
      </symbol>
      <symbol id="sm-d">
         <name>__STACK_END</name>
         <value>0x20208000</value>
      </symbol>
      <symbol id="sm-e">
         <name>__SYSMEM_SIZE</name>
         <value>0x800</value>
      </symbol>
      <symbol id="sm-f">
         <name>__TI_pprof_out_hndl</name>
         <value>0xffffffff</value>
      </symbol>
      <symbol id="sm-10">
         <name>__TI_prof_data_start</name>
         <value>0xffffffff</value>
      </symbol>
      <symbol id="sm-11">
         <name>__TI_prof_data_size</name>
         <value>0xffffffff</value>
      </symbol>
      <symbol id="sm-77">
         <name>launchpad_gpio_init</name>
         <value>0x13b1</value>
         <object_component_ref idref="oc-8e"/>
      </symbol>
      <symbol id="sm-78">
         <name>leds_init</name>
         <value>0xca1</value>
         <object_component_ref idref="oc-94"/>
      </symbol>
      <symbol id="sm-79">
         <name>leds_off</name>
         <value>0x795</value>
         <object_component_ref idref="oc-95"/>
      </symbol>
      <symbol id="sm-7a">
         <name>led_config_data</name>
         <value>0x1810</value>
         <object_component_ref idref="oc-d3"/>
      </symbol>
      <symbol id="sm-7b">
         <name>leds_enable</name>
         <value>0x164d</value>
         <object_component_ref idref="oc-96"/>
      </symbol>
      <symbol id="sm-7c">
         <name>leds_disable</name>
         <value>0x1639</value>
         <object_component_ref idref="oc-a6"/>
      </symbol>
      <symbol id="sm-7d">
         <name>led_on</name>
         <value>0xa95</value>
         <object_component_ref idref="oc-e5"/>
      </symbol>
      <symbol id="sm-7e">
         <name>led_off</name>
         <value>0x9e1</value>
         <object_component_ref idref="oc-e7"/>
      </symbol>
      <symbol id="sm-7f">
         <name>dipsw_init</name>
         <value>0x1271</value>
         <object_component_ref idref="oc-93"/>
      </symbol>
      <symbol id="sm-80">
         <name>dip_switch_config_data</name>
         <value>0x1870</value>
         <object_component_ref idref="oc-d2"/>
      </symbol>
      <symbol id="sm-81">
         <name>keypad_init</name>
         <value>0x6c5</value>
         <object_component_ref idref="oc-9e"/>
      </symbol>
      <symbol id="sm-82">
         <name>kp_col_config_data</name>
         <value>0x18a0</value>
         <object_component_ref idref="oc-da"/>
      </symbol>
      <symbol id="sm-83">
         <name>kp_row_config_data</name>
         <value>0x18d0</value>
         <object_component_ref idref="oc-db"/>
      </symbol>
      <symbol id="sm-84">
         <name>read_keyrow_data</name>
         <value>0xbf5</value>
         <object_component_ref idref="oc-101"/>
      </symbol>
      <symbol id="sm-85">
         <name>write_keycol_data</name>
         <value>0x5e9</value>
         <object_component_ref idref="oc-100"/>
      </symbol>
      <symbol id="sm-86">
         <name>keypad_scan</name>
         <value>0xe69</value>
         <object_component_ref idref="oc-de"/>
      </symbol>
      <symbol id="sm-87">
         <name>keycodes</name>
         <value>0x20200800</value>
         <object_component_ref idref="oc-102"/>
      </symbol>
      <symbol id="sm-88">
         <name>I2C_init</name>
         <value>0x925</value>
         <object_component_ref idref="oc-97"/>
      </symbol>
      <symbol id="sm-89">
         <name>iic_config_data</name>
         <value>0x1900</value>
         <object_component_ref idref="oc-d4"/>
      </symbol>
      <symbol id="sm-8a">
         <name>I2C_send1</name>
         <value>0xd49</value>
         <object_component_ref idref="oc-d5"/>
      </symbol>
      <symbol id="sm-8b">
         <name>motor0_init</name>
         <value>0x14b9</value>
         <object_component_ref idref="oc-9f"/>
      </symbol>
      <symbol id="sm-8c">
         <name>motor0_pwm_init</name>
         <value>0xb49</value>
         <object_component_ref idref="oc-a0"/>
      </symbol>
      <symbol id="sm-8d">
         <name>motor0_set_pwm_dc</name>
         <value>0x1541</value>
         <object_component_ref idref="oc-e3"/>
      </symbol>
      <symbol id="sm-8e">
         <name>motor0_pwm_enable</name>
         <value>0x16a5</value>
         <object_component_ref idref="oc-a1"/>
      </symbol>
      <symbol id="sm-8f">
         <name>motor0_pwm_disable</name>
         <value>0x1695</value>
         <object_component_ref idref="oc-a7"/>
      </symbol>
      <symbol id="sm-a6">
         <name>get_bus_clock_freq</name>
         <value>0x16c5</value>
         <object_component_ref idref="oc-109"/>
      </symbol>
      <symbol id="sm-a7">
         <name>g_bus_clock_freq</name>
         <value>0x20200810</value>
         <object_component_ref idref="oc-cc"/>
      </symbol>
      <symbol id="sm-a8">
         <name>clock_init_40mhz</name>
         <value>0x35d</value>
         <object_component_ref idref="oc-89"/>
      </symbol>
      <symbol id="sm-a9">
         <name>msec_delay</name>
         <value>0x1485</value>
         <object_component_ref idref="oc-cb"/>
      </symbol>
      <symbol id="sm-aa">
         <name>clock_delay</name>
         <value>0x1685</value>
         <object_component_ref idref="oc-cf"/>
      </symbol>
      <symbol id="sm-ab">
         <name>usec_delay</name>
         <value>0x12fd</value>
         <object_component_ref idref="oc-fe"/>
      </symbol>
      <symbol id="sm-ee">
         <name>main</name>
         <value>0xf75</value>
         <object_component_ref idref="oc-74"/>
      </symbol>
      <symbol id="sm-ef">
         <name>config_pb1_interrupts</name>
         <value>0x141d</value>
         <object_component_ref idref="oc-a2"/>
      </symbol>
      <symbol id="sm-f0">
         <name>config_pb2_interrupts</name>
         <value>0x1451</value>
         <object_component_ref idref="oc-a3"/>
      </symbol>
      <symbol id="sm-f1">
         <name>run_lab9_part1</name>
         <value>0xc1</value>
         <object_component_ref idref="oc-a4"/>
      </symbol>
      <symbol id="sm-f2">
         <name>motor0_set_pwm_freq</name>
         <value>0x121d</value>
         <object_component_ref idref="oc-e4"/>
      </symbol>
      <symbol id="sm-f3">
         <name>display_frequency_and_duty_cycle</name>
         <value>0x11c5</value>
         <object_component_ref idref="oc-e6"/>
      </symbol>
      <symbol id="sm-f4">
         <name>play_note</name>
         <value>0x1375</value>
         <object_component_ref idref="oc-e8"/>
      </symbol>
      <symbol id="sm-f5">
         <name>PB1_pressed</name>
         <value>0x20200814</value>
         <object_component_ref idref="oc-63"/>
      </symbol>
      <symbol id="sm-f6">
         <name>PB2_pressed</name>
         <value>0x20200815</value>
         <object_component_ref idref="oc-64"/>
      </symbol>
      <symbol id="sm-f7">
         <name>imperial_march</name>
         <value>0x16f0</value>
         <object_component_ref idref="oc-ea"/>
      </symbol>
      <symbol id="sm-f8">
         <name>GROUP1_IRQHandler</name>
         <value>0xddd</value>
         <object_component_ref idref="oc-37"/>
      </symbol>
      <symbol id="sm-11c">
         <name>lcd1602_init</name>
         <value>0x865</value>
         <object_component_ref idref="oc-98"/>
      </symbol>
      <symbol id="sm-11d">
         <name>lcd1602_write</name>
         <value>0x4cd</value>
         <object_component_ref idref="oc-d6"/>
      </symbol>
      <symbol id="sm-11e">
         <name>lcd_set_backlight_on</name>
         <value>0x15e1</value>
         <object_component_ref idref="oc-d7"/>
      </symbol>
      <symbol id="sm-11f">
         <name>lcd_set_ddram_addr</name>
         <value>0x1601</value>
         <object_component_ref idref="oc-a8"/>
      </symbol>
      <symbol id="sm-120">
         <name>lcd_write_char</name>
         <value>0x1621</value>
         <object_component_ref idref="oc-ef"/>
      </symbol>
      <symbol id="sm-121">
         <name>lcd_write_string</name>
         <value>0x15bd</value>
         <object_component_ref idref="oc-a9"/>
      </symbol>
      <symbol id="sm-122">
         <name>lcd_clear</name>
         <value>0x16b5</value>
         <object_component_ref idref="oc-9d"/>
      </symbol>
      <symbol id="sm-123">
         <name>byte_to_ascii</name>
         <value>0xff5</value>
         <object_component_ref idref="oc-12a"/>
      </symbol>
      <symbol id="sm-124">
         <name>doublebyte_to_ascii</name>
         <value>0x1071</value>
         <object_component_ref idref="oc-129"/>
      </symbol>
      <symbol id="sm-125">
         <name>lcd_write_byte</name>
         <value>0x156d</value>
         <object_component_ref idref="oc-10b"/>
      </symbol>
      <symbol id="sm-126">
         <name>lcd_write_doublebyte</name>
         <value>0x1515</value>
         <object_component_ref idref="oc-10a"/>
      </symbol>
      <symbol id="sm-135">
         <name>Default_Handler</name>
         <value>0x16d9</value>
         <object_component_ref idref="oc-35"/>
      </symbol>
      <symbol id="sm-136">
         <name>Reset_Handler</name>
         <value>0x16e1</value>
         <object_component_ref idref="oc-31"/>
      </symbol>
      <symbol id="sm-137">
         <name>HardFault_Handler</name>
         <value>0x16dd</value>
         <object_component_ref idref="oc-36"/>
      </symbol>
      <symbol id="sm-138">
         <name>interruptVectors</name>
         <value>0x0</value>
         <object_component_ref idref="oc-18"/>
      </symbol>
      <symbol id="sm-139">
         <name>NMI_Handler</name>
         <value>0x16d9</value>
         <object_component_ref idref="oc-35"/>
      </symbol>
      <symbol id="sm-13a">
         <name>SVC_Handler</name>
         <value>0x16d9</value>
         <object_component_ref idref="oc-35"/>
      </symbol>
      <symbol id="sm-13b">
         <name>PendSV_Handler</name>
         <value>0x16d9</value>
         <object_component_ref idref="oc-35"/>
      </symbol>
      <symbol id="sm-13c">
         <name>SysTick_Handler</name>
         <value>0x16d9</value>
         <object_component_ref idref="oc-35"/>
      </symbol>
      <symbol id="sm-13d">
         <name>GROUP0_IRQHandler</name>
         <value>0x16d9</value>
         <object_component_ref idref="oc-35"/>
      </symbol>
      <symbol id="sm-13e">
         <name>TIMG8_IRQHandler</name>
         <value>0x16d9</value>
         <object_component_ref idref="oc-35"/>
      </symbol>
      <symbol id="sm-13f">
         <name>UART3_IRQHandler</name>
         <value>0x16d9</value>
         <object_component_ref idref="oc-35"/>
      </symbol>
      <symbol id="sm-140">
         <name>ADC0_IRQHandler</name>
         <value>0x16d9</value>
         <object_component_ref idref="oc-35"/>
      </symbol>
      <symbol id="sm-141">
         <name>ADC1_IRQHandler</name>
         <value>0x16d9</value>
         <object_component_ref idref="oc-35"/>
      </symbol>
      <symbol id="sm-142">
         <name>CANFD0_IRQHandler</name>
         <value>0x16d9</value>
         <object_component_ref idref="oc-35"/>
      </symbol>
      <symbol id="sm-143">
         <name>DAC0_IRQHandler</name>
         <value>0x16d9</value>
         <object_component_ref idref="oc-35"/>
      </symbol>
      <symbol id="sm-144">
         <name>SPI0_IRQHandler</name>
         <value>0x16d9</value>
         <object_component_ref idref="oc-35"/>
      </symbol>
      <symbol id="sm-145">
         <name>SPI1_IRQHandler</name>
         <value>0x16d9</value>
         <object_component_ref idref="oc-35"/>
      </symbol>
      <symbol id="sm-146">
         <name>UART1_IRQHandler</name>
         <value>0x16d9</value>
         <object_component_ref idref="oc-35"/>
      </symbol>
      <symbol id="sm-147">
         <name>UART2_IRQHandler</name>
         <value>0x16d9</value>
         <object_component_ref idref="oc-35"/>
      </symbol>
      <symbol id="sm-148">
         <name>UART0_IRQHandler</name>
         <value>0x16d9</value>
         <object_component_ref idref="oc-35"/>
      </symbol>
      <symbol id="sm-149">
         <name>TIMG0_IRQHandler</name>
         <value>0x16d9</value>
         <object_component_ref idref="oc-35"/>
      </symbol>
      <symbol id="sm-14a">
         <name>TIMG6_IRQHandler</name>
         <value>0x16d9</value>
         <object_component_ref idref="oc-35"/>
      </symbol>
      <symbol id="sm-14b">
         <name>TIMA0_IRQHandler</name>
         <value>0x16d9</value>
         <object_component_ref idref="oc-35"/>
      </symbol>
      <symbol id="sm-14c">
         <name>TIMA1_IRQHandler</name>
         <value>0x16d9</value>
         <object_component_ref idref="oc-35"/>
      </symbol>
      <symbol id="sm-14d">
         <name>TIMG7_IRQHandler</name>
         <value>0x16d9</value>
         <object_component_ref idref="oc-35"/>
      </symbol>
      <symbol id="sm-14e">
         <name>TIMG12_IRQHandler</name>
         <value>0x16d9</value>
         <object_component_ref idref="oc-35"/>
      </symbol>
      <symbol id="sm-14f">
         <name>I2C0_IRQHandler</name>
         <value>0x16d9</value>
         <object_component_ref idref="oc-35"/>
      </symbol>
      <symbol id="sm-150">
         <name>I2C1_IRQHandler</name>
         <value>0x16d9</value>
         <object_component_ref idref="oc-35"/>
      </symbol>
      <symbol id="sm-151">
         <name>AES_IRQHandler</name>
         <value>0x16d9</value>
         <object_component_ref idref="oc-35"/>
      </symbol>
      <symbol id="sm-152">
         <name>RTC_IRQHandler</name>
         <value>0x16d9</value>
         <object_component_ref idref="oc-35"/>
      </symbol>
      <symbol id="sm-153">
         <name>DMA_IRQHandler</name>
         <value>0x16d9</value>
         <object_component_ref idref="oc-35"/>
      </symbol>
      <symbol id="sm-154">
         <name>__TI_ATRegion0_src_addr</name>
         <value>0x0</value>
      </symbol>
      <symbol id="sm-155">
         <name>__TI_ATRegion0_trg_addr</name>
         <value>0x0</value>
      </symbol>
      <symbol id="sm-156">
         <name>__TI_ATRegion0_region_sz</name>
         <value>0x0</value>
      </symbol>
      <symbol id="sm-157">
         <name>__TI_ATRegion1_src_addr</name>
         <value>0x0</value>
      </symbol>
      <symbol id="sm-158">
         <name>__TI_ATRegion1_trg_addr</name>
         <value>0x0</value>
      </symbol>
      <symbol id="sm-159">
         <name>__TI_ATRegion1_region_sz</name>
         <value>0x0</value>
      </symbol>
      <symbol id="sm-15a">
         <name>__TI_ATRegion2_src_addr</name>
         <value>0x0</value>
      </symbol>
      <symbol id="sm-15b">
         <name>__TI_ATRegion2_trg_addr</name>
         <value>0x0</value>
      </symbol>
      <symbol id="sm-15c">
         <name>__TI_ATRegion2_region_sz</name>
         <value>0x0</value>
      </symbol>
      <symbol id="sm-169">
         <name>_sys_memory</name>
         <value>0x20200000</value>
         <object_component_ref idref="oc-2f"/>
      </symbol>
      <symbol id="sm-173">
         <name>__TI_decompress_none</name>
         <value>0x1673</value>
         <object_component_ref idref="oc-20"/>
      </symbol>
      <symbol id="sm-17e">
         <name>__TI_decompress_lzss</name>
         <value>0x10ed</value>
         <object_component_ref idref="oc-1c"/>
      </symbol>
      <symbol id="sm-189">
         <name>_c_int00_noargs</name>
         <value>0x1595</value>
         <object_component_ref idref="oc-57"/>
      </symbol>
      <symbol id="sm-18a">
         <name>__stack</name>
         <value>0x20207e00</value>
         <object_component_ref idref="oc-1a"/>
      </symbol>
      <symbol id="sm-19a">
         <name>abort</name>
         <value>0x16e9</value>
         <object_component_ref idref="oc-ab"/>
      </symbol>
      <symbol id="sm-19b">
         <name>C$$EXIT</name>
         <value>0x16e8</value>
         <object_component_ref idref="oc-ab"/>
      </symbol>
      <symbol id="sm-1a8">
         <name>__TI_auto_init_nobinit_nopinit</name>
         <value>0x1339</value>
         <object_component_ref idref="oc-b2"/>
      </symbol>
      <symbol id="sm-1b0">
         <name>_system_pre_init</name>
         <value>0x16e5</value>
         <object_component_ref idref="oc-70"/>
      </symbol>
      <symbol id="sm-1d0">
         <name>__aeabi_memcpy</name>
         <value>0x16d1</value>
         <object_component_ref idref="oc-47"/>
      </symbol>
      <symbol id="sm-1d1">
         <name>__aeabi_memcpy4</name>
         <value>0x16d1</value>
         <object_component_ref idref="oc-47"/>
      </symbol>
      <symbol id="sm-1d2">
         <name>__aeabi_memcpy8</name>
         <value>0x16d1</value>
         <object_component_ref idref="oc-47"/>
      </symbol>
      <symbol id="sm-1d8">
         <name>__aeabi_uidiv</name>
         <value>0x12bd</value>
         <object_component_ref idref="oc-df"/>
      </symbol>
      <symbol id="sm-1d9">
         <name>__aeabi_uidivmod</name>
         <value>0x12bd</value>
         <object_component_ref idref="oc-df"/>
      </symbol>
      <symbol id="sm-1e4">
         <name>__aeabi_idiv0</name>
         <value>0x13af</value>
         <object_component_ref idref="oc-103"/>
      </symbol>
      <symbol id="sm-1ee">
         <name>TI_memcpy_small</name>
         <value>0x1661</value>
         <object_component_ref idref="oc-7f"/>
      </symbol>
      <symbol id="sm-1ef">
         <name>__TI_static_base__</name>
         <value>0x0</value>
      </symbol>
      <symbol id="sm-1f2">
         <name>__mpu_init</name>
         <value>0x0</value>
      </symbol>
      <symbol id="sm-1f3">
         <name>_system_post_cinit</name>
         <value>0x0</value>
      </symbol>
   </symbol_table>
   <title>Link successful</title>
</link_info>
